help,False
man,
version,False
check,False
onlytest,False
initialize,False
readlogs,
seed,6289080
debugLevel,0
logLevel,0
execDir,/home/ysxiao/race/experiments/crace-25.10/time/cats200/ins/p32n2/exp-01
recoveryFile,
scenarioFile,/home/ysxiao/race/experiments/crace-25.10/time/cats200/scenario.txt
parameterFile,/home/ysxiao/tuning/crace/scenario_cplex/cplex12-22parameters.txt
forbiddenFile,
configurationsFile,/home/ysxiao/tuning/crace/scenario_cplex/cplex12-22default-noNA.txt
trainInstancesDir,
trainInstancesFile,/home/ysxiao/race/instances/mip/cats/training-cats200.txt
sampleInstances,True
testInstancesDir,
testInstancesFile,/home/ysxiao/race/instances/mip/cats/testing-cats200.txt
testNbElites,1
testType,
domType,adaptive-dom
eachTest,1
firstTest,1
testExperimentSize,0
confidence,0.95
targetRunner,/home/ysxiao/tuning/crace/scenario_cplex/target-runner-boundMax
targetRunnerRetries,3
maxExperiments,100000
maxTime,172800
digits,4
parallel,31
mpi,True
nbConfigurations,62
maxNbElites,6
elitist,True
globalModel,False
modelUpdateByStep,0
sampleInsStrict,False
sampleInsFrequency,1
softRestart,True
capping,True
boundMax,300.0
boundDigits,5
boundAsTimeout,True
