# Command line:
  BATCH FILE: /home/ysxiao/race/experiments/crace/crace-25.09/profile-mpi 
  BINDIR: /home/ysxiao/race/dev_crace/dev-versions/dev-model/crace 
  EXECDIR: /home/ysxiao/race/experiments/crace/crace-25.09/quality/acotsp/elites/p32n1/exp-01 
  JOBNAME: at.elites31-01 
  MACHINE NAME: Epyc7452
  START TIME: 2025-09-08 18:18:29
#------------------------------------------------------------------------------
# Arguments: ['--exec-dir', '/home/ysxiao/race/experiments/crace/crace-25.09/quality/acotsp/elites/p32n1/exp-01', '--parallel', '31', '--seed', '6289080', '--mpi', 'True', '--scenario', '/home/ysxiao/race/experiments/crace/crace-25.09/quality/acotsp/scenario-elites.txt', '--num-configurations', '31']
# Reading crace options..
# Reading scenario file /home/ysxiao/race/experiments/crace/crace-25.09/quality/acotsp/scenario-elites.txt
#------------------------------------------------------------------------------
# crace: An implementation in python of a continuous Racing
# Version: v0.0.1-alpha.3
# Copyright (C) 2020
# Leslie Pérez Cáceres     <leslie.perez@pucv.cl>
# Franco Ardiles
# Jonas Kuckling
# Pablo Contreras
# Yunshuang Xiao
# Thomas Stützle
#
# This is free software, and you are welcome to redistribute it under certain
# conditions.  See the GNU General Public License for details. There is NO
# WARRANTY; not even for MERCHANTABILITY or FITNESS FOR A PARTICULAR PURPOSE.
#
# installed at: /home/ysxiao/race/dev_crace/dev-versions/dev-model
# called with: --exec-dir /home/ysxiao/race/experiments/crace/crace-25.09/quality/acotsp/elites/p32n1/exp-01 --parallel 31 --seed 6289080 --mpi True --scenario /home/ysxiao/race/experiments/crace/crace-25.09/quality/acotsp/scenario-elites.txt --num-configurations 31
#------------------------------------------------------------------------------
# Scenario options:
#   seed: 6289080
#   debugLevel: 0
#   logLevel: 0
#   execDir: /home/ysxiao/race/experiments/crace/crace-25.09/quality/acotsp/elites/p32n1/exp-01
#   scenarioFile: /home/ysxiao/race/experiments/crace/crace-25.09/quality/acotsp/scenario-elites.txt
#   parameterFile: /home/ysxiao/tuning/crace/scenario_acotsp/parameters.txt
#   forbiddenFile: /home/ysxiao/tuning/crace/scenario_acotsp/forbidden.txt
#   trainInstancesDir: /home/ysxiao/race/instances/tsp/RUE.Instances.2000
#   trainInstancesFile: /home/ysxiao/race/instances/tsp/instances/list_200_train_16
#   sampleInstances: True
#   testInstancesDir: /home/ysxiao/race/instances/tsp/RUE.Instances.2000
#   testInstancesFile: /home/ysxiao/race/instances/tsp/instances/list_200_test_78
#   testNbElites: 1
#   testType: t-test
#   eachTest: 1
#   firstTest: 5
#   testExperimentSize: 0
#   confidence: 0.95
#   targetRunner: /home/ysxiao/tuning/crace/scenario_acotsp/target-runner
#   targetRunnerRetries: 0
#   maxExperiments: 5000
#   maxTime: 0
#   digits: 4
#   parallel: 31
#   mpi: True
#   nbConfigurations: 31
#   maxNbElites: 6
#   elitist: False
#   globalModel: False
#   modelUpdateByStep: 10
#   sampleInsFrequency: 1
#   softRestart: True
#   capping: False
#   boundMax: 0
#   boundDigits: 0
#   boundAsTimeout: True
#------------------------------------------------------------------------------
# Creating log with log_level 0, debug_level 0 50
# Running crace configuration procedure


# 2025-09-08 18:18:36 CEST: Slice 1 of 11
# expectSliceBugdet: 455
# nbInitialConfigurations:  31
# Markers:
    x No test is performed.
    - The test is performed and some configurations are discarded
    . All alive configurations are elite and nothing is discarded
    c Configurations added to the race by sampling
    i Instances added to the race based on challenge from elimination test
    e Instances added to the race based on option expecetInstance
# Each task:
    Instances: the number of selected instances for current task (sampled instances)
    Alive: alive configurations in test (in crace)
    Best: best configuration in test (in crace)
+-+------------+-----------+---------------+---------------+------------+---------+---------+---------+---------
| |  Instances |      Alive|           Best|      Mean best| Exp so far |  W time | E queue | C queue | Elites
+-+------------+-----------+---------------+---------------+------------+---------+---------+---------+---------
|-|        5(5)|     31(31)|           4(4)|       33569589|         126|      100|       34|       30| 4
|-|        5(5)|     30(30)|         18(18)|       33317498|         130|      103|       45|       29| 18
|-|        5(5)|     30(30)|         12(12)|       32962119|         133|      104|       57|       29| 12
|i|         (6)|           |               |               |            |      105|       96|       31| 26,12
|-|        5(6)|     30(30)|         26(26)|       32914052|         139|      107|      101|       30| 26,25,12
|-|        5(6)|     30(30)|         26(26)|       32914052|         146|      109|      124|       30| 26,25,12,1
|-|        5(6)|     30(30)|         26(26)|       32914052|         150|      111|      135|       30| 26,25,12,1,3
|i|         (7)|           |               |               |            |      130|      180|       31| 25,1,26,12,3
|-|        5(7)|     30(30)|         25(25)|       32943573|         207|      156|      138|       29| 25,26,12,1,3
|-|        5(8)|     30(30)|         25(25)|       32943573|         223|      170|      157|       30| 25,26,12,3,1
|-|        5(8)|     30(30)|         25(25)|       32969441|         235|      179|      150|       30| 25,26,12,1,3
|-|        5(8)|     30(30)|         25(25)|       32943573|         239|      181|      151|       30| 25,26,12,1,3,36
|i|         (9)|           |               |               |            |      205|      178|       31| 26,1,25,12,36,3
|-|        5(9)|     30(30)|         26(26)|       32943309|         278|      213|      172|       30| 26,12,1,25,36,3
|-|        5(9)|     30(30)|         26(25)|       32976610|         293|      225|      177|       30| 25,26,12,1,36,3
|-|        5(9)|     30(30)|         26(26)|       32914052|         299|      228|      176|       29| 26,25,12,1,3,36
+-+------------+-----------+---------------+---------------+------------+---------+---------+---------+---------
| |  Instances |      Alive|           Best|      Mean best| Exp so far |  W time | E queue | C queue | Elites
+-+------------+-----------+---------------+---------------+------------+---------+---------+---------+---------
|-|        7(9)|     30(30)|         25(26)|       33014341|         308|      241|      184|       29| 26,25,12,1,36,3
|i|        (10)|           |               |               |            |      245|      229|       31| 26,3,25,12,1,36
|-|       5(10)|     30(30)|         52(26)|       33014341|         332|      263|      210|       30| 26,12,1,3,25,36
|-|       8(10)|     30(30)|         25(26)|       33014341|         334|      264|      216|       30| 26,12,1,3,25,46
|-|       5(10)|     30(30)|         26(26)|       33017666|         356|      276|      204|       29| 26,25,12,1,3,46
|i|        (11)|           |               |               |            |      287|      238|       31| 26,1,25,12,3,52
|-|       9(11)|     30(30)|         25(26)|       33043858|         364|      287|      235|       30| 26,1,25,56,12,52
|-|       5(11)|     30(30)|         52(25)|       33009661|         376|      293|      228|       30| 25,26,12,1,52,56
|-|      10(11)|     30(30)|         25(25)|       33009661|         381|      297|      238|       30| 25,46,26,12,52,56
|-|       7(11)|     30(30)|         52(52)|       32902802|         394|      310|      232|       30| 52,25,46,56,26,12
|i|        (12)|           |               |               |            |      312|      269|       31| 25,12,52,46,56,26
|-|       5(12)|     30(30)|         52(25)|       33003396|         401|      313|      260|       30| 25,56,12,52,46,26
|-|       5(12)|     30(30)|         52(25)|       33003396|         407|      315|      259|       30| 25,46,56,12,52,26
|-|       5(12)|     30(30)|         52(52)|       32829233|         421|      331|      250|       30| 52,25,26,46,56,12
|-|       5(12)|     30(30)|         52(25)|       33026533|         439|      342|      247|       29| 25,52,26,46,56,12
|i|        (13)|           |               |               |            |      351|      288|       31| 25,26,52,46,56,12
+-+------------+-----------+---------------+---------------+------------+---------+---------+---------+---------
2025-09-08 18:24:33 CEST:  Update models 1 of 10
experimentsTestedSoFar:     455
budgetUsedSoFar:            455
remainingBudget:            4545
nbNewConfigurations:        65 
nbNewInstances:             8 
nbEliminatedConfigurations: 65 
Elite-so-far configuration: 25               mean value: 33026533.66667

Description of the elite-so-far configuration 25:
 --mmas --localsearch 2 --alpha 3.7357 --beta 5.6138 --rho  0.4256 --ants 82 --nnls 16 --dlb 0


# 2025-09-08 18:24:33 CEST: Slice 2 of 11
# expectSliceBugdet: 455
# Markers:
    x No test is performed.
    - The test is performed and some configurations are discarded
    . All alive configurations are elite and nothing is discarded
    c Configurations added to the race by sampling
    i Instances added to the race based on challenge from elimination test
    e Instances added to the race based on option expecetInstance
+-+------------+-----------+---------------+---------------+------------+---------+---------+---------+---------
| |  Instances |      Alive|           Best|      Mean best| Exp so far |  W time | E queue | C queue | Elites
+-+------------+-----------+---------------+---------------+------------+---------+---------+---------+---------
|-|       5(13)|     30(30)|         26(25)|       33026533|         458|      358|      278|       30| 25,26,46,52,56,12
|-|       5(13)|     30(30)|         52(25)|       33026533|         463|      360|      283|       30| 25,26,46,12,52,56
|-|       5(13)|     30(30)|         25(25)|       32985010|         472|      372|      304|       30| 25,26,46,56,12,52
|-|       5(13)|     30(30)|         52(52)|       32886332|         482|      381|      304|       30| 52,25,26,46,56,12
|i|        (14)|           |               |               |            |      384|      343|       31| 26,12,52,25,46,56
|i|        (15)|           |               |               |            |      419|      349|       31| 25,46,52,26,56,12
|-|       5(15)|     30(30)|         52(52)|       32850809|         557|      442|      324|       30| 52,25,26,46,56,12
|-|       5(15)|     30(30)|         52(52)|       32850809|         565|      444|      326|       29| 52,25,56,26,46,12
|-|      14(15)|     30(30)|         52(52)|       32964211|         567|      447|      338|       29| 52,25,56,26,46
|-|      15(15)|     30(30)|         52(52)|       32964045|         570|      448|      355|       29| 52,25,56,46
|-|      15(15)|     30(30)|         52(52)|       32964045|         574|      452|      366|       29| 52,25,56
|-|      15(15)|     30(30)|         52(52)|       32964045|         585|      463|      370|       29| 52,25
|-|      15(15)|     30(30)|         52(52)|       32964045|         601|      472|      384|       29| 52
|-|       5(15)|     30(30)|         52(52)|       32891276|         613|      484|      392|       29| 52,96
|-|       5(15)|     30(30)|         52(52)|       32860376|         624|      491|      396|       29| 52,96,102
|-|       5(15)|     30(30)|         96(52)|       32964045|         722|      567|      328|       29| 52,102,96
+-+------------+-----------+---------------+---------------+------------+---------+---------+---------+---------
| |  Instances |      Alive|           Best|      Mean best| Exp so far |  W time | E queue | C queue | Elites
+-+------------+-----------+---------------+---------------+------------+---------+---------+---------+---------
|-|       5(15)|     30(30)|         96(52)|       32964045|         763|      598|      352|       29| 52,102,96,119
|-|       5(15)|     30(30)|         96(52)|       32964045|         777|      606|      358|       28| 52,102,96,127,119
|-|       5(15)|     30(30)|         96(52)|       32964045|         789|      614|      356|       28| 52,102,96,119,137,127
|-|       6(15)|     30(30)|         96(96)|       32815089|         801|      625|      355|       27| 96,52,102,127,137,131
|-|       5(15)|     30(30)|        153(96)|       32906990|         904|      696|      318|       27| 96,52,102,127,137,134
+-+------------+-----------+---------------+---------------+------------+---------+---------+---------+---------
2025-09-08 18:30:15 CEST:  Update models 2 of 10
experimentsTestedSoFar:     910
budgetUsedSoFar:            910
remainingBudget:            4090
nbNewConfigurations:        81 
nbNewInstances:             2 
nbEliminatedConfigurations: 81 
Elite-so-far configuration: 96               mean value: 32906990.40000

Description of the elite-so-far configuration 96:
 --acs --localsearch 2 --alpha 2.4005 --beta 5.7227 --rho  0.1091 --ants 36 --q0 0.4871 --nnls 45 --dlb 1


# 2025-09-08 18:30:15 CEST: Slice 3 of 11
# expectSliceBugdet: 455
# Markers:
    x No test is performed.
    - The test is performed and some configurations are discarded
    . All alive configurations are elite and nothing is discarded
    c Configurations added to the race by sampling
    i Instances added to the race based on challenge from elimination test
    e Instances added to the race based on option expecetInstance
+-+------------+-----------+---------------+---------------+------------+---------+---------+---------+---------
| |  Instances |      Alive|           Best|      Mean best| Exp so far |  W time | E queue | C queue | Elites
+-+------------+-----------+---------------+---------------+------------+---------+---------+---------+---------
|-|       5(15)|     30(30)|        153(96)|       32906990|         913|      700|      339|       27| 96,52,102,127,137,134
|-|       5(15)|     30(30)|        153(96)|       32906990|         925|      715|      342|       27| 96,52,102,127,137,131
|-|       5(15)|     30(30)|        153(96)|       32906990|         940|      719|      332|       27| 96,52,102,127,137,134
|-|      11(15)|     30(30)|         96(96)|       32874433|         983|      752|      311|       27| 96,52,102,127,131,134
|-|       5(15)|     30(30)|        153(96)|       32906990|        1001|      762|      298|       27| 96,52,102,127,134,131
|-|       5(15)|     30(30)|        153(96)|       32906990|        1016|      777|      298|       27| 96,52,102,127,131,134
|-|       5(15)|     30(30)|        153(96)|       32906990|        1036|      787|      293|       27| 96,52,102,127,134,131
|-|       5(15)|     30(30)|        153(96)|       32906990|        1046|      800|      303|       27| 96,52,102,127,131,134
|-|       5(15)|     30(30)|        153(96)|       32906990|        1066|      807|      323|       27| 96,52,102,127,134,131
|-|      15(15)|     30(30)|         96(96)|       32906990|        1075|      818|      339|       27| 96,127,52,131,134,153
|-|       5(16)|     30(30)|        153(96)|       32906990|        1119|      849|      340|       30| 96,127,134,52,131,153
|-|       5(16)|     30(30)|       153(127)|       32944272|        1129|      853|      335|       28| 127,134,96,52,131,153
|i|        (17)|           |               |               |            |      863|      383|       31| 127,134,131,96,52,153
|-|       5(17)|     30(30)|        153(96)|       32910750|        1149|      870|      360|       30| 96,127,134,52,131,153
|-|       5(17)|     30(30)|        153(96)|       32901885|        1181|      894|      368|       29| 96,153,127,134,52,131
|i|        (18)|           |               |               |            |      896|      415|       31| 96,134,153,127,52,131
+-+------------+-----------+---------------+---------------+------------+---------+---------+---------+---------
| |  Instances |      Alive|           Best|      Mean best| Exp so far |  W time | E queue | C queue | Elites
+-+------------+-----------+---------------+---------------+------------+---------+---------+---------+---------
|-|       5(18)|     30(30)|       153(153)|       32721958|        1191|      909|      398|       30| 153,96,134,52,127,131
|-|      18(18)|     30(30)|       153(153)|       32791558|        1213|      924|      419|       29| 153,96,52,131,127,181
|-|      17(18)|     30(30)|       153(153)|       32798247|        1217|      931|      432|       29| 153,96,52,131,181
|-|      18(18)|     30(30)|       153(153)|       32791558|        1220|      932|      447|       29| 153,96,131,181
|-|      18(18)|     30(30)|       153(153)|       32791558|        1231|      938|      454|       29| 153,96,181,203
|-|      18(18)|     30(30)|       153(153)|       32791558|        1235|      941|      468|       29| 153,181,203
+-+------------+-----------+---------------+---------------+------------+---------+---------+---------+---------
2025-09-08 18:35:54 CEST:  Update models 3 of 10
experimentsTestedSoFar:     1365
budgetUsedSoFar:            1365
remainingBudget:            3635
nbNewConfigurations:        77 
nbNewInstances:             3 
nbEliminatedConfigurations: 77 
Elite-so-far configuration: 153              mean value: 32791558.72222

Description of the elite-so-far configuration 153:
 --ras --localsearch 3 --alpha 3.9476 --beta 0.9857 --rho  0.7797 --ants 26 --rasranks 13 --nnls 43 --dlb 1


# 2025-09-08 18:35:54 CEST: Slice 4 of 11
# expectSliceBugdet: 455
# Markers:
    x No test is performed.
    - The test is performed and some configurations are discarded
    . All alive configurations are elite and nothing is discarded
    c Configurations added to the race by sampling
    i Instances added to the race based on challenge from elimination test
    e Instances added to the race based on option expecetInstance
+-+------------+-----------+---------------+---------------+------------+---------+---------+---------+---------
| |  Instances |      Alive|           Best|      Mean best| Exp so far |  W time | E queue | C queue | Elites
+-+------------+-----------+---------------+---------------+------------+---------+---------+---------+---------
|-|       5(18)|     30(30)|       153(153)|       32699064|        1380|     1046|      428|       28| 153,181,203
|-|       5(18)|     30(30)|       153(153)|       32699064|        1406|     1067|      432|       28| 153,181,203,235
|-|       5(18)|     30(30)|       243(153)|       32791558|        1429|     1083|      424|       28| 153,181,203,243,235
|-|       5(18)|     30(30)|       243(153)|       32791558|        1439|     1089|      429|       28| 153,181,203,235,243
|-|       5(18)|     30(30)|       243(153)|       32791558|        1460|     1104|      423|       28| 153,181,203,243,235
|-|       5(18)|     30(30)|       243(153)|       32791558|        1472|     1112|      421|       28| 153,181,203,235,243
|-|       5(18)|     30(30)|       243(153)|       32791558|        1495|     1128|      423|       28| 153,181,203,243,235
|-|       5(18)|     30(30)|       243(153)|       32791558|        1501|     1132|      422|       28| 153,181,203,235,243,255
|-|       5(18)|     30(30)|       243(153)|       32791558|        1517|     1144|      416|       28| 153,181,203,243,235,255
|-|       5(18)|     30(30)|       243(153)|       32791558|        1527|     1150|      416|       28| 153,181,203,235,243,255
|-|       5(18)|     30(30)|       243(153)|       32791558|        1553|     1168|      410|       28| 153,181,203,243,235,255
|-|       5(18)|     30(30)|       243(153)|       32791558|        1565|     1175|      413|       28| 153,181,203,235,243,255
|-|       5(18)|     30(30)|       243(153)|       32791558|        1588|     1193|      395|       27| 153,181,203,243,235,255
|-|       5(18)|     30(30)|       243(153)|       32791558|        1593|     1195|      395|       27| 153,181,203,235,243,255
|-|       5(18)|     30(30)|       243(153)|       32791558|        1607|     1208|      401|       27| 153,181,203,243,235,255
|-|       5(18)|     30(30)|       243(153)|       32791558|        1690|     1263|      388|       27| 153,181,203,235,243,255
+-+------------+-----------+---------------+---------------+------------+---------+---------+---------+---------
| |  Instances |      Alive|           Best|      Mean best| Exp so far |  W time | E queue | C queue | Elites
+-+------------+-----------+---------------+---------------+------------+---------+---------+---------+---------
|-|       5(18)|     30(30)|       243(153)|       32791558|        1697|     1269|      386|       27| 153,181,203,243,235,255
|-|       5(18)|     30(30)|       243(153)|       32791558|        1721|     1283|      373|       27| 153,181,203,235,243,255
|-|       5(18)|     30(30)|       243(153)|       32791558|        1726|     1291|      378|       27| 153,181,203,243,235,255
|-|      18(18)|     29(29)|       153(153)|       32791558|        1809|     1347|      385|       27| 153,181,243,255,261,283
+-+------------+-----------+---------------+---------------+------------+---------+---------+---------+---------
2025-09-08 18:41:13 CEST:  Update models 4 of 10
experimentsTestedSoFar:     1820
budgetUsedSoFar:            1820
remainingBudget:            3180
nbNewConfigurations:        76 
nbNewInstances:             1 
nbEliminatedConfigurations: 76 
Elite-so-far configuration: 153              mean value: 32791558.72222

Description of the elite-so-far configuration 153:
 --ras --localsearch 3 --alpha 3.9476 --beta 0.9857 --rho  0.7797 --ants 26 --rasranks 13 --nnls 43 --dlb 1


# 2025-09-08 18:41:13 CEST: Slice 5 of 11
# expectSliceBugdet: 455
# Markers:
    x No test is performed.
    - The test is performed and some configurations are discarded
    . All alive configurations are elite and nothing is discarded
    c Configurations added to the race by sampling
    i Instances added to the race based on challenge from elimination test
    e Instances added to the race based on option expecetInstance
+-+------------+-----------+---------------+---------------+------------+---------+---------+---------+---------
| |  Instances |      Alive|           Best|      Mean best| Exp so far |  W time | E queue | C queue | Elites
+-+------------+-----------+---------------+---------------+------------+---------+---------+---------+---------
|-|       5(19)|     30(30)|       243(153)|       32791558|        1825|     1360|      422|       30| 153,181,243,255,261,283
|-|       5(19)|     30(30)|       243(153)|       32791558|        1853|     1379|      429|       30| 153,181,243,261,255,283
|-|       5(19)|     30(30)|       283(181)|       32789298|        1859|     1389|      433|       29| 181,153,243,261,255,283
|i|        (20)|           |               |               |            |     1391|      481|       31| 181,243,153,261,255,283
|-|       5(20)|     30(30)|       283(181)|       32789298|        1865|     1392|      462|       30| 181,243,153,255,261,283
|-|       5(20)|     30(30)|       311(153)|       32775073|        1886|     1411|      471|       30| 153,181,243,255,261,283
|-|      18(20)|     30(30)|       153(153)|       32801007|        1900|     1418|      485|       29| 153,181,243,255,283,311
|i|        (21)|           |               |               |            |     1421|      534|       31| 153,243,181,255,283,311
|-|       5(21)|     30(30)|       311(243)|       32807138|        1933|     1446|      492|       29| 243,153,181,255,283,311
|i|        (22)|           |               |               |            |     1457|      533|       31| 243,255,153,181,283,311
|-|       5(22)|     30(30)|       311(153)|       32788371|        1983|     1481|      477|       30| 153,181,243,255,283,311
|-|       5(22)|     30(30)|       328(255)|       32805232|        1999|     1493|      466|       29| 255,153,181,243,283,311
|-|      22(22)|     30(30)|       153(153)|       32771500|        2012|     1503|      501|       29| 153,181,243,283,311,328
|i|        (23)|           |               |               |            |     1504|      553|       31| 153,243,181,283,311,328
|-|       5(23)|     30(30)|       328(153)|       32771500|        2022|     1508|      536|       30| 153,243,283,181,311,328
|-|       5(23)|     30(30)|       328(153)|       32771500|        2026|     1513|      537|       30| 153,181,243,283,311,328
+-+------------+-----------+---------------+---------------+------------+---------+---------+---------+---------
| |  Instances |      Alive|           Best|      Mean best| Exp so far |  W time | E queue | C queue | Elites
+-+------------+-----------+---------------+---------------+------------+---------+---------+---------+---------
|-|       5(23)|     30(30)|       243(243)|       32637503|        2053|     1536|      540|       29| 243,283,153,181,311,328
|i|        (24)|           |               |               |            |     1539|      595|       31| 181,243,283,153,311,328
|-|       5(24)|     30(30)|       311(153)|       32757196|        2079|     1555|      566|       30| 153,181,243,283,311,328
|-|       5(24)|     30(30)|       243(243)|       32624152|        2090|     1563|      560|       29| 243,283,153,181,311,328
|i|        (25)|           |               |               |            |     1576|      611|       31| 153,243,283,181,311,328
|-|      14(25)|     30(30)|       283(283)|       32673668|        2131|     1593|      573|       30| 283,153,243,181,311,335
|-|       5(25)|     30(30)|       243(243)|       32667443|        2146|     1604|      568|       29| 243,283,153,181,311,335
|i|        (26)|           |               |               |            |     1611|      619|       31| 243,181,283,153,311,335
|-|       5(26)|     30(30)|       243(153)|       32738893|        2172|     1623|      602|       30| 153,243,181,283,311,335
|-|       5(26)|     30(30)|       311(243)|       32758084|        2192|     1640|      602|       29| 243,283,153,181,311,335
|i|        (27)|           |               |               |            |     1656|      665|       31| 243,181,283,153,311,335
|-|       5(27)|     30(30)|       283(283)|       32569938|        2219|     1663|      635|       30| 283,243,181,311,153,335
|-|       5(27)|     30(30)|       243(283)|       32700528|        2228|     1669|      631|       30| 283,153,243,181,311,335
|-|       5(27)|     30(30)|       243(283)|       32700528|        2236|     1677|      633|       30| 283,311,153,243,181,335
|-|      27(27)|     30(30)|       283(283)|       32690008|        2259|     1694|      657|       29| 283,311,243,181,335
|-|      27(27)|     30(30)|       283(283)|       32690008|        2264|     1698|      684|       29| 283,311,181,335
+-+------------+-----------+---------------+---------------+------------+---------+---------+---------+---------
2025-09-08 18:47:05 CEST:  Update models 5 of 10
experimentsTestedSoFar:     2275
budgetUsedSoFar:            2275
remainingBudget:            2725
nbNewConfigurations:        75 
nbNewInstances:             9 
nbEliminatedConfigurations: 75 
Elite-so-far configuration: 283              mean value: 32690008.22222

Description of the elite-so-far configuration 283:
 --ras --localsearch 3 --alpha 3.6147 --beta 1.7734 --rho  0.5859 --ants 32 --rasranks 12 --nnls 32 --dlb 1


# 2025-09-08 18:47:05 CEST: Slice 6 of 11
# expectSliceBugdet: 455
# Markers:
    x No test is performed.
    - The test is performed and some configurations are discarded
    . All alive configurations are elite and nothing is discarded
    c Configurations added to the race by sampling
    i Instances added to the race based on challenge from elimination test
    e Instances added to the race based on option expecetInstance
+-+------------+-----------+---------------+---------------+------------+---------+---------+---------+---------
| |  Instances |      Alive|           Best|      Mean best| Exp so far |  W time | E queue | C queue | Elites
+-+------------+-----------+---------------+---------------+------------+---------+---------+---------+---------
|-|       5(28)|     30(30)|       311(283)|       32690008|        2278|     1710|      710|       30| 283,311,181,335
|i|        (29)|           |               |               |            |     1741|      734|       31| 311,181,283,335
|-|       5(29)|     30(30)|       283(311)|       32715676|        2333|     1751|      695|       30| 311,181,283,335,386
|-|       5(29)|     30(30)|       283(311)|       32715676|        2339|     1755|      699|       30| 311,181,283,335,388,386
|-|       5(29)|     30(30)|       283(283)|       32636867|        2346|     1759|      702|       30| 283,311,181,335,388,386
|-|       5(29)|     30(30)|       283(311)|       32719098|        2357|     1769|      706|       29| 311,283,181,335,388,386
|i|        (30)|           |               |               |            |     1774|      765|       31| 283,311,181,335,386,388
|-|       5(30)|     30(30)|       283(283)|       32725690|        2372|     1780|      741|       30| 283,311,181,335,388,386
|-|       5(30)|     30(30)|       283(283)|       32636867|        2376|     1783|      742|       30| 283,311,335,181,388,386
|-|       5(30)|     30(30)|       283(283)|       32667870|        2384|     1790|      744|       30| 283,311,181,335,388,386
|-|       5(30)|     30(30)|       283(283)|       32667870|        2401|     1804|      732|       30| 283,311,335,181,388,386
|-|       5(30)|     30(30)|       283(311)|       32715971|        2407|     1807|      731|       29| 311,283,335,181,388,386
|i|        (31)|           |               |               |            |     1815|      796|       31| 311,335,283,181,388,386
|-|       5(31)|     30(30)|       283(311)|       32715971|        2425|     1822|      759|       30| 311,335,181,283,388,386
|-|       8(31)|     30(30)|       283(283)|       32715118|        2440|     1833|      752|       30| 283,311,335,181,388,386
|-|       9(31)|     30(30)|       283(283)|       32722669|        2446|     1839|      760|       30| 283,311,335,181,386,388
+-+------------+-----------+---------------+---------------+------------+---------+---------+---------+---------
| |  Instances |      Alive|           Best|      Mean best| Exp so far |  W time | E queue | C queue | Elites
+-+------------+-----------+---------------+---------------+------------+---------+---------+---------+---------
|-|       5(31)|     30(30)|       283(283)|       32698610|        2450|     1841|      761|       30| 283,311,335,181,388,386
|-|       5(31)|     30(30)|       283(335)|       32724579|        2456|     1846|      760|       29| 335,283,311,181,388,386
|-|      31(31)|     30(30)|       335(335)|       32724579|        2469|     1856|      778|       29| 335,283,311,388,386,411
|i|        (32)|           |               |               |            |     1858|      839|       31| 283,335,311,388,386,411
|-|       5(32)|     30(30)|       283(283)|       32677621|        2488|     1870|      794|       30| 283,311,335,386,388,411
|-|       5(32)|     30(30)|       283(335)|       32729437|        2508|     1882|      789|       29| 335,283,311,386,388,411
|-|       5(32)|     30(30)|       335(335)|       32729834|        2518|     1890|      789|       29| 335,283,311,388,386,411
|i|        (33)|           |               |               |            |     1897|      850|       31| 311,335,283,386,388,411
|-|       5(33)|     30(30)|       283(283)|       32667870|        2537|     1904|      810|       30| 283,311,335,388,386,411
|-|       5(33)|     30(30)|       283(283)|       32737620|        2551|     1915|      811|       30| 283,311,335,386,388,411
|-|       5(33)|     30(30)|       283(335)|       32724958|        2576|     1934|      796|       29| 335,283,311,386,388,411
|i|        (34)|           |               |               |            |     1941|      856|       31| 283,335,311,386,388,411
|-|       5(34)|     30(30)|       283(283)|       32667870|        2600|     1953|      827|       30| 283,311,335,386,388,411
|i|        (35)|           |               |               |            |     1981|      870|       31| 311,335,283,386,388,411
|-|       6(35)|     30(30)|       283(283)|       32702649|        2674|     2009|      814|       30| 283,311,335,386,388,411
|-|      10(35)|     30(30)|       311(335)|       32738235|        2685|     2018|      827|       29| 335,283,311,386,388,411
+-+------------+-----------+---------------+---------------+------------+---------+---------+---------+---------
| |  Instances |      Alive|           Best|      Mean best| Exp so far |  W time | E queue | C queue | Elites
+-+------------+-----------+---------------+---------------+------------+---------+---------+---------+---------
|-|      24(35)|     30(30)|       335(335)|       32789272|        2697|     2026|      853|       29| 335,283,311,386,411,420
|-|      26(35)|     30(30)|       335(335)|       32786110|        2705|     2033|      881|       29| 335,283,311,411,420,439
|i|        (36)|           |               |               |            |     2037|      944|       31| 283,335,311,411,420,439
|-|       5(36)|     30(30)|       283(283)|       32702311|        2712|     2041|      909|       30| 283,311,335,411,420,439
|-|       5(36)|     30(30)|       420(283)|       32712236|        2717|     2043|      909|       30| 283,311,335,411,420,438
+-+------------+-----------+---------------+---------------+------------+---------+---------+---------+---------
2025-09-08 18:52:54 CEST:  Update models 6 of 10
experimentsTestedSoFar:     2730
budgetUsedSoFar:            2730
remainingBudget:            2270
nbNewConfigurations:        66 
nbNewInstances:             8 
nbEliminatedConfigurations: 66 
Elite-so-far configuration: 283              mean value: 32712236.57143

Description of the elite-so-far configuration 283:
 --ras --localsearch 3 --alpha 3.6147 --beta 1.7734 --rho  0.5859 --ants 32 --rasranks 12 --nnls 32 --dlb 1


# 2025-09-08 18:52:54 CEST: Slice 7 of 11
# expectSliceBugdet: 455
# Markers:
    x No test is performed.
    - The test is performed and some configurations are discarded
    . All alive configurations are elite and nothing is discarded
    c Configurations added to the race by sampling
    i Instances added to the race based on challenge from elimination test
    e Instances added to the race based on option expecetInstance
+-+------------+-----------+---------------+---------------+------------+---------+---------+---------+---------
| |  Instances |      Alive|           Best|      Mean best| Exp so far |  W time | E queue | C queue | Elites
+-+------------+-----------+---------------+---------------+------------+---------+---------+---------+---------
|i|        (37)|           |               |               |            |     2074|      957|       31| 311,335,283,411,420,438
|-|       5(37)|     30(30)|       420(311)|       32727794|        2761|     2084|      915|       30| 311,335,283,411,420,439
|-|       5(37)|     30(30)|       420(335)|       32731272|        2811|     2114|      870|       29| 335,283,311,411,420,439
|-|      24(37)|     30(30)|       335(335)|       32779761|        2816|     2123|      894|       29| 335,283,311,420,439,438
|-|      37(37)|     30(30)|       283(283)|       32702657|        2828|     2130|      929|       29| 283,311,420,439,438,450
|-|      37(37)|     30(30)|       283(283)|       32702657|        2833|     2132|      961|       29| 283,420,439,438,450,452
|-|      16(37)|     30(30)|       283(283)|       32724174|        2858|     2154|      997|       29| 283,420,438,450,452
|-|       5(37)|     30(30)|       420(283)|       32702657|        2879|     2171|      996|       29| 283,420,438,450,452,471
|-|       6(37)|     30(30)|       283(283)|       32654904|        2889|     2179|     1002|       29| 283,420,438,450,452
|-|      11(37)|     30(30)|       283(283)|       32680356|        2929|     2211|      973|       29| 283,420,438,450,468
|-|       5(37)|     30(30)|       283(283)|       32667870|        2971|     2242|      941|       29| 283,420,438,450,468,476
|-|       5(37)|     30(30)|       283(283)|       32667870|        3010|     2267|      932|       29| 283,420,450,438,468,476
+-+------------+-----------+---------------+---------------+------------+---------+---------+---------+---------
2025-09-08 18:58:28 CEST:  Update models 7 of 10
experimentsTestedSoFar:     3185
budgetUsedSoFar:            3185
remainingBudget:            1815
nbNewConfigurations:        54 
nbNewInstances:             1 
nbEliminatedConfigurations: 54 
Elite-so-far configuration: 283              mean value: 32702657.45946

Description of the elite-so-far configuration 283:
 --ras --localsearch 3 --alpha 3.6147 --beta 1.7734 --rho  0.5859 --ants 32 --rasranks 12 --nnls 32 --dlb 1


# 2025-09-08 18:58:28 CEST: Slice 8 of 11
# expectSliceBugdet: 455
# Markers:
    x No test is performed.
    - The test is performed and some configurations are discarded
    . All alive configurations are elite and nothing is discarded
    c Configurations added to the race by sampling
    i Instances added to the race based on challenge from elimination test
    e Instances added to the race based on option expecetInstance
+-+------------+-----------+---------------+---------------+------------+---------+---------+---------+---------
| |  Instances |      Alive|           Best|      Mean best| Exp so far |  W time | E queue | C queue | Elites
+-+------------+-----------+---------------+---------------+------------+---------+---------+---------+---------
|-|       5(37)|     30(30)|       495(283)|       32702657|        3191|     2400|      861|       29| 283,420,450,438,468,476
|-|       5(37)|     30(30)|       495(283)|       32702657|        3343|     2506|      821|       29| 283,450,438,420,468,476
|-|       5(37)|     30(30)|       495(283)|       32702657|        3350|     2513|      824|       29| 283,438,450,420,468,476
|-|       5(37)|     30(30)|       495(283)|       32702657|        3352|     2515|      827|       28| 283,450,438,420,468,476
|-|      36(37)|     30(30)|       283(283)|       32702610|        3362|     2520|      853|       28| 283,450,438,468,476,483
|-|       5(37)|     30(30)|       495(283)|       32702657|        3370|     2524|      855|       27| 283,438,450,468,476,483
+-+------------+-----------+---------------+---------------+------------+---------+---------+---------+---------
2025-09-08 19:03:54 CEST:  Update models 8 of 10
experimentsTestedSoFar:     3640
budgetUsedSoFar:            3640
remainingBudget:            1360
nbNewConfigurations:        56 
nbNewInstances:             0 
nbEliminatedConfigurations: 56 
Elite-so-far configuration: 283              mean value: 32702657.45946

Description of the elite-so-far configuration 283:
 --ras --localsearch 3 --alpha 3.6147 --beta 1.7734 --rho  0.5859 --ants 32 --rasranks 12 --nnls 32 --dlb 1


# 2025-09-08 19:03:54 CEST: Slice 9 of 11
# expectSliceBugdet: 455
# Markers:
    x No test is performed.
    - The test is performed and some configurations are discarded
    . All alive configurations are elite and nothing is discarded
    c Configurations added to the race by sampling
    i Instances added to the race based on challenge from elimination test
    e Instances added to the race based on option expecetInstance
+-+------------+-----------+---------------+---------------+------------+---------+---------+---------+---------
| |  Instances |      Alive|           Best|      Mean best| Exp so far |  W time | E queue | C queue | Elites
+-+------------+-----------+---------------+---------------+------------+---------+---------+---------+---------
|-|       5(37)|     30(30)|       495(283)|       32702657|        3646|     2723|      785|       27| 283,438,450,468,476,483
|-|      37(37)|     28(28)|       283(283)|       32702657|        3941|     2929|      736|       26| 283,476,483,495,493,549
|-|       5(38)|     30(30)|       495(283)|       32702657|        3977|     2956|      829|       30| 283,483,476,495,493,549
|-|      10(38)|     30(30)|       495(283)|       32702657|        3983|     2960|      838|       30| 283,483,476,493,495,549
|-|       5(38)|     30(30)|       495(476)|       32714133|        3997|     2969|      834|       29| 476,283,483,495,493,549
|i|        (39)|           |               |               |            |     2972|      900|       31| 483,476,283,495,493,549
|-|       5(39)|     30(30)|       495(493)|       32685217|        4032|     2995|      849|       30| 493,283,483,476,495,549
|-|       5(39)|     30(30)|       588(495)|       32680597|        4043|     3006|      843|       30| 495,493,283,483,476,549
|-|      39(39)|     30(30)|       495(495)|       32677659|        4062|     3016|      863|       27| 495,493,283,476,549,559
+-+------------+-----------+---------------+---------------+------------+---------+---------+---------+---------
2025-09-08 19:09:18 CEST:  Update models 9 of 10
experimentsTestedSoFar:     4095
budgetUsedSoFar:            4095
remainingBudget:            905
nbNewConfigurations:        52 
nbNewInstances:             3 
nbEliminatedConfigurations: 52 
Elite-so-far configuration: 495              mean value: 32675351.20000

Description of the elite-so-far configuration 495:
 --acs --localsearch 3 --alpha 2.5917 --beta 6.1678 --rho  0.0957 --ants 27 --q0 0.6792 --nnls 12 --dlb 1


# 2025-09-08 19:09:18 CEST: Slice 10 of 11
# expectSliceBugdet: 455
# Markers:
    x No test is performed.
    - The test is performed and some configurations are discarded
    . All alive configurations are elite and nothing is discarded
    c Configurations added to the race by sampling
    i Instances added to the race based on challenge from elimination test
    e Instances added to the race based on option expecetInstance
+-+------------+-----------+---------------+---------------+------------+---------+---------+---------+---------
| |  Instances |      Alive|           Best|      Mean best| Exp so far |  W time | E queue | C queue | Elites
+-+------------+-----------+---------------+---------------+------------+---------+---------+---------+---------
|-|      39(40)|     30(30)|       495(495)|       32680806|        4098|     3045|      916|       29| 495,493,283,549,559,565
|-|      30(41)|     30(30)|       495(495)|       32671005|        4178|     3102|      966|       29| 495,493,283,559,565,588
|i|        (43)|           |               |               |            |     3149|     1022|       31| 495,283,493,559,565,588
|-|       5(43)|     30(30)|       495(495)|       32614827|        4280|     3178|      954|       30| 495,493,283,559,565,588
|-|      31(43)|     30(30)|       495(495)|       32650429|        4312|     3200|      966|       29| 495,493,283,559,588,612
|i|        (44)|           |               |               |            |     3208|     1047|       31| 495,283,493,559,588,612
|-|       5(44)|     30(30)|       495(495)|       32642366|        4341|     3224|     1043|       30| 495,493,283,559,588,612
|i|        (46)|           |               |               |            |     3294|     1126|       31| 495,283,493,559,588,612
|-|       5(46)|     30(30)|       495(495)|       32648781|        4448|     3306|     1070|       30| 495,493,283,559,588,612
|-|       6(46)|     30(30)|       495(493)|       32675189|        4478|     3327|     1053|       29| 493,495,283,559,588,612
|i|        (47)|           |               |               |            |     3335|     1122|       31| 495,493,283,559,588,612
|-|      47(47)|     30(30)|       495(495)|       32664523|        4543|     3373|     1119|       29| 495,493,559,588,612,648
+-+------------+-----------+---------------+---------------+------------+---------+---------+---------+---------
2025-09-08 19:14:52 CEST:  Update models 10 of 10
experimentsTestedSoFar:     4550
budgetUsedSoFar:            4550
remainingBudget:            450
nbNewConfigurations:        48 
nbNewInstances:             7 
nbEliminatedConfigurations: 48 
Elite-so-far configuration: 495              mean value: 32657723.63636

Description of the elite-so-far configuration 495:
 --acs --localsearch 3 --alpha 2.5917 --beta 6.1678 --rho  0.0957 --ants 27 --q0 0.6792 --nnls 12 --dlb 1


# 2025-09-08 19:14:52 CEST: Slice 11 of 11
# expectSliceBugdet: 455
# Markers:
    x No test is performed.
    - The test is performed and some configurations are discarded
    . All alive configurations are elite and nothing is discarded
    c Configurations added to the race by sampling
    i Instances added to the race based on challenge from elimination test
    e Instances added to the race based on option expecetInstance
+-+------------+-----------+---------------+---------------+------------+---------+---------+---------+---------
| |  Instances |      Alive|           Best|      Mean best| Exp so far |  W time | E queue | C queue | Elites
+-+------------+-----------+---------------+---------------+------------+---------+---------+---------+---------
|-|       7(47)|     30(30)|       495(495)|       32671415|        4550|     3377|     1119|       29| 495,493,559,588,612,648
|-|      47(47)|     30(30)|       495(495)|       32664523|        4553|     3379|     1163|       29| 495,493,588,612,648,661
|-|       5(47)|     30(30)|       664(495)|       32664523|        4561|     3386|     1167|       29| 495,493,588,612,648,651
|-|      10(48)|     30(30)|       495(495)|       32664131|        4581|     3406|     1187|       30| 495,493,588,612,648,661
|-|       9(49)|     30(30)|       664(495)|       32662592|        4652|     3452|     1189|       30| 495,493,588,612,648,631
|-|      12(49)|     30(30)|       495(495)|       32682635|        4671|     3465|     1182|       30| 495,493,588,612,648,661
|-|       5(49)|     30(30)|       664(495)|       32663065|        4699|     3486|     1180|       29| 495,493,588,612,648,631
|-|      40(49)|     30(30)|       495(495)|       32648822|        4706|     3493|     1213|       29| 495,493,588,648,631,661
|i|        (51)|           |               |               |            |     3532|     1278|       31| 495,588,493,648,631,661
|-|       5(51)|     30(30)|       664(495)|       32662769|        4783|     3549|     1224|       30| 495,493,588,648,631,661
|-|       5(51)|     30(30)|       664(588)|       32669497|        4828|     3582|     1191|       29| 588,495,493,648,631,661
|i|        (52)|           |               |               |            |     3591|     1265|       31| 495,588,493,648,631,661
|-|       8(52)|     30(30)|       664(495)|       32657674|        4866|     3612|     1214|       30| 495,588,493,648,661,631
|-|       7(52)|     30(30)|       664(588)|       32670150|        4889|     3628|     1204|       29| 588,495,493,648,661,631
|i|        (53)|           |               |               |            |     3646|     1295|       31| 495,588,493,648,661,631
|i|        (54)|           |               |               |            |     3685|     1272|       31| 588,493,495,648,631,661
+-+------------+-----------+---------------+---------------+------------+---------+---------+---------+---------
| |  Instances |      Alive|           Best|      Mean best| Exp so far |  W time | E queue | C queue | Elites
+-+------------+-----------+---------------+---------------+------------+---------+---------+---------+---------
|-|      16(54)|     30(30)|       495(495)|       32699691|        4990|     3702|     1212|       30| 495,588,493,648,631,661
+-+------------+-----------+---------------+---------------+------------+---------+---------+---------+---------
2025-09-08 19:20:26 CEST:  Update models 10 of 10
experimentsTestedSoFar:     5000
budgetUsedSoFar:            5000
remainingBudget:            0
nbNewConfigurations:        36 
nbNewInstances:             7 
nbEliminatedConfigurations: 36 
Elite-so-far configuration: 495              mean value: 32663684.09434

Description of the elite-so-far configuration 495:
 --acs --localsearch 3 --alpha 2.5917 --beta 6.1678 --rho  0.0957 --ants 27 --q0 0.6792 --nnls 12 --dlb 1


# BUDGET IS EXHAUSTED (maxExperiments)!
# nbUsedInstances:            54 
# nbUsedConfigurations:       717 
# nbEliminatedConfigurations (elimination test): 686 
# final returned elite configurations: 495,588,493,648,631,661 
# mean value of the final best configuration 495 on 54 instances: 32663684.09434

# Description of the final best configuration 495:
 --acs --localsearch 3 --alpha 2.5917 --beta 6.1678 --rho  0.0957 --ants 27 --q0 0.6792 --nnls 12 --dlb 1

Before closing
Pool closed
Master stopped
Shutdown complete


# Initializing tester 
# Start testing ... 
# Configurations:  6
 495:  --acs --localsearch 3 --alpha 2.5917 --beta 6.1678 --rho  0.0957 --ants 27 --q0 0.6792 --nnls 12 --dlb 1
 588:  --acs --localsearch 3 --alpha 3.2911 --beta 6.606 --rho  0.3212 --ants 16 --q0 0.6827 --nnls 14 --dlb 1
 493:  --acs --localsearch 3 --alpha 2.6462 --beta 6.3738 --rho  0.1636 --ants 30 --q0 0.5434 --nnls 9 --dlb 1
 648:  --acs --localsearch 3 --alpha 2.8861 --beta 5.4653 --rho  0.0142 --ants 20 --q0 0.6449 --nnls 11 --dlb 1
 631:  --acs --localsearch 3 --alpha 3.373 --beta 6.5856 --rho  0.4707 --ants 16 --q0 0.5342 --nnls 12 --dlb 1
 661:  --ras --localsearch 3 --alpha 3.5662 --beta 2.6469 --rho  0.6116 --ants 35 --rasranks 15 --nnls 29 --dlb 1
# Instances:  200
# Test 1 configuration(s): 495
# Experiment: 29      config: 495     instance: 29      result: 32924732.000000     time: 17.05764
# Experiment: 4       config: 495     instance: 4       result: 32485258.000000     time: 18.70075
# Experiment: 9       config: 495     instance: 9       result: 32326567.000000     time: 18.56050
# Experiment: 2       config: 495     instance: 2       result: 32787795.000000     time: 18.97693
# Experiment: 15      config: 495     instance: 15      result: 32939751.000000     time: 18.23147
# Experiment: 6       config: 495     instance: 6       result: 32451321.000000     time: 18.91617
# Experiment: 12      config: 495     instance: 12      result: 32280917.000000     time: 19.83202
# Experiment: 28      config: 495     instance: 28      result: 32725513.000000     time: 19.39216
# Experiment: 22      config: 495     instance: 22      result: 32952880.000000     time: 19.56740
# Experiment: 8       config: 495     instance: 8       result: 32598013.000000     time: 19.44880
# Experiment: 14      config: 495     instance: 14      result: 32870602.000000     time: 21.02068
# Experiment: 20      config: 495     instance: 20      result: 32385552.000000     time: 20.25818
# Experiment: 26      config: 495     instance: 26      result: 32544277.000000     time: 20.80163
# Experiment: 13      config: 495     instance: 13      result: 32200087.000000     time: 20.95572
# Experiment: 24      config: 495     instance: 24      result: 32515239.000000     time: 21.09672
# Experiment: 16      config: 495     instance: 16      result: 32776365.000000     time: 20.30061
# Experiment: 30      config: 495     instance: 30      result: 32718191.000000     time: 20.97609
# Experiment: 1       config: 495     instance: 1       result: 32622796.000000     time: 21.55753
# Experiment: 7       config: 495     instance: 7       result: 32735093.000000     time: 21.33705
# Experiment: 17      config: 495     instance: 17      result: 32814350.000000     time: 21.62214
# Experiment: 21      config: 495     instance: 21      result: 32574630.000000     time: 22.01938
# Experiment: 27      config: 495     instance: 27      result: 33063549.000000     time: 21.82508
# Experiment: 3       config: 495     instance: 3       result: 32657589.000000     time: 21.53485
# Experiment: 18      config: 495     instance: 18      result: 33176209.000000     time: 21.26987
# Experiment: 31      config: 495     instance: 31      result: 32755344.000000     time: 21.20148
# Experiment: 23      config: 495     instance: 23      result: 32561232.000000     time: 21.87653
# Experiment: 10      config: 495     instance: 10      result: 32805601.000000     time: 21.14418
# Experiment: 19      config: 495     instance: 19      result: 32729897.000000     time: 22.78475
# Experiment: 5       config: 495     instance: 5       result: 32619346.000000     time: 22.22857
# Experiment: 25      config: 495     instance: 25      result: 32733917.000000     time: 23.04644
# Experiment: 11      config: 495     instance: 11      result: 32843901.000000     time: 22.53806
# Experiment: 35      config: 495     instance: 35      result: 32727376.000000     time: 15.70521
# Experiment: 39      config: 495     instance: 39      result: 32385556.000000     time: 17.21116
# Experiment: 40      config: 495     instance: 40      result: 32515932.000000     time: 16.50219
# Experiment: 32      config: 495     instance: 32      result: 32727295.000000     time: 20.22420
# Experiment: 46      config: 495     instance: 46      result: 32746889.000000     time: 16.93936
# Experiment: 33      config: 495     instance: 33      result: 32619877.000000     time: 18.70108
# Experiment: 37      config: 495     instance: 37      result: 32698830.000000     time: 19.49185
# Experiment: 45      config: 495     instance: 45      result: 32376618.000000     time: 18.17250
# Experiment: 36      config: 495     instance: 36      result: 32513970.000000     time: 19.34020
# Experiment: 38      config: 495     instance: 38      result: 32608313.000000     time: 19.08158
# Experiment: 55      config: 495     instance: 55      result: 32908745.000000     time: 16.51988
# Experiment: 48      config: 495     instance: 48      result: 32557208.000000     time: 19.11170
# Experiment: 43      config: 495     instance: 43      result: 32536503.000000     time: 18.85525
# Experiment: 47      config: 495     instance: 47      result: 32699634.000000     time: 18.54281
# Experiment: 44      config: 495     instance: 44      result: 32348583.000000     time: 19.20970
# Experiment: 34      config: 495     instance: 34      result: 32206658.000000     time: 20.70936
# Experiment: 42      config: 495     instance: 42      result: 32579661.000000     time: 19.89820
# Experiment: 57      config: 495     instance: 57      result: 32698226.000000     time: 18.39888
# Experiment: 54      config: 495     instance: 54      result: 32657323.000000     time: 19.00967
# Experiment: 41      config: 495     instance: 41      result: 32698548.000000     time: 20.43743
# Experiment: 58      config: 495     instance: 58      result: 32254366.000000     time: 19.55602
# Experiment: 53      config: 495     instance: 53      result: 32353279.000000     time: 19.27680
# Experiment: 52      config: 495     instance: 52      result: 32600704.000000     time: 19.77879
# Experiment: 56      config: 495     instance: 56      result: 32734788.000000     time: 19.73183
# Experiment: 49      config: 495     instance: 49      result: 32617298.000000     time: 20.34362
# Experiment: 51      config: 495     instance: 51      result: 32799213.000000     time: 21.23997
# Experiment: 62      config: 495     instance: 62      result: 32701999.000000     time: 20.05279
# Experiment: 60      config: 495     instance: 60      result: 32443762.000000     time: 20.13648
# Experiment: 50      config: 495     instance: 50      result: 32380602.000000     time: 20.81260
# Experiment: 61      config: 495     instance: 61      result: 32590402.000000     time: 20.98527
# Experiment: 59      config: 495     instance: 59      result: 32401089.000000     time: 20.70531
# Experiment: 63      config: 495     instance: 63      result: 32484385.000000     time: 17.91666
# Experiment: 65      config: 495     instance: 65      result: 32791830.000000     time: 17.97341
# Experiment: 64      config: 495     instance: 64      result: 32722620.000000     time: 18.11958
# Experiment: 74      config: 495     instance: 74      result: 32704389.000000     time: 15.90677
# Experiment: 68      config: 495     instance: 68      result: 32526439.000000     time: 19.09797
# Experiment: 69      config: 495     instance: 69      result: 32464105.000000     time: 18.74064
# Experiment: 67      config: 495     instance: 67      result: 32624620.000000     time: 20.30837
# Experiment: 77      config: 495     instance: 77      result: 32973531.000000     time: 17.82595
# Experiment: 72      config: 495     instance: 72      result: 32370767.000000     time: 19.64401
# Experiment: 66      config: 495     instance: 66      result: 32719882.000000     time: 20.82378
# Experiment: 71      config: 495     instance: 71      result: 32205410.000000     time: 20.26825
# Experiment: 75      config: 495     instance: 75      result: 33068155.000000     time: 19.19910
# Experiment: 80      config: 495     instance: 80      result: 32882867.000000     time: 17.38228
# Experiment: 82      config: 495     instance: 82      result: 32526863.000000     time: 19.10084
# Experiment: 78      config: 495     instance: 78      result: 32647180.000000     time: 19.56677
# Experiment: 76      config: 495     instance: 76      result: 32469958.000000     time: 20.13511
# Experiment: 73      config: 495     instance: 73      result: 32436222.000000     time: 20.64086
# Experiment: 70      config: 495     instance: 70      result: 32561961.000000     time: 20.33186
# Experiment: 84      config: 495     instance: 84      result: 32676614.000000     time: 18.92581
# Experiment: 79      config: 495     instance: 79      result: 33229863.000000     time: 19.96584
# Experiment: 81      config: 495     instance: 81      result: 32917815.000000     time: 20.29250
# Experiment: 83      config: 495     instance: 83      result: 32648879.000000     time: 21.08464
# Experiment: 93      config: 495     instance: 93      result: 32489539.000000     time: 18.89956
# Experiment: 86      config: 495     instance: 86      result: 32577062.000000     time: 20.68723
# Experiment: 88      config: 495     instance: 88      result: 32636002.000000     time: 21.11906
# Experiment: 90      config: 495     instance: 90      result: 32756382.000000     time: 21.05124
# Experiment: 85      config: 495     instance: 85      result: 33022327.000000     time: 21.81140
# Experiment: 89      config: 495     instance: 89      result: 32801483.000000     time: 20.82806
# Experiment: 87      config: 495     instance: 87      result: 32363192.000000     time: 21.11724
# Experiment: 91      config: 495     instance: 91      result: 32829778.000000     time: 20.51586
# Experiment: 92      config: 495     instance: 92      result: 32659568.000000     time: 22.17647
# Experiment: 94      config: 495     instance: 94      result: 32788352.000000     time: 20.18937
# Experiment: 96      config: 495     instance: 96      result: 32545576.000000     time: 19.05564
# Experiment: 95      config: 495     instance: 95      result: 32667880.000000     time: 18.85365
# Experiment: 98      config: 495     instance: 98      result: 32303413.000000     time: 18.99167
# Experiment: 99      config: 495     instance: 99      result: 32626134.000000     time: 20.23064
# Experiment: 97      config: 495     instance: 97      result: 32547778.000000     time: 21.69448
# Experiment: 108     config: 495     instance: 108     result: 32981281.000000     time: 17.94128
# Experiment: 100     config: 495     instance: 100     result: 32810662.000000     time: 20.99312
# Experiment: 102     config: 495     instance: 102     result: 32598539.000000     time: 21.07666
# Experiment: 104     config: 495     instance: 104     result: 32829609.000000     time: 21.14966
# Experiment: 106     config: 495     instance: 106     result: 32209756.000000     time: 20.57100
# Experiment: 110     config: 495     instance: 110     result: 32278553.000000     time: 19.31318
# Experiment: 112     config: 495     instance: 112     result: 32535675.000000     time: 19.16423
# Experiment: 103     config: 495     instance: 103     result: 32567943.000000     time: 21.12356
# Experiment: 107     config: 495     instance: 107     result: 32498455.000000     time: 19.72898
# Experiment: 101     config: 495     instance: 101     result: 32470591.000000     time: 22.53634
# Experiment: 111     config: 495     instance: 111     result: 32413490.000000     time: 20.62412
# Experiment: 117     config: 495     instance: 117     result: 32741154.000000     time: 17.78651
# Experiment: 105     config: 495     instance: 105     result: 33127584.000000     time: 21.49449
# Experiment: 113     config: 495     instance: 113     result: 32687675.000000     time: 19.91409
# Experiment: 109     config: 495     instance: 109     result: 33130135.000000     time: 21.72603
# Experiment: 114     config: 495     instance: 114     result: 32549049.000000     time: 19.86871
# Experiment: 116     config: 495     instance: 116     result: 32702792.000000     time: 20.99461
# Experiment: 121     config: 495     instance: 121     result: 32729585.000000     time: 20.99940
# Experiment: 118     config: 495     instance: 118     result: 32586171.000000     time: 20.88045
# Experiment: 119     config: 495     instance: 119     result: 32524984.000000     time: 21.10672
# Experiment: 115     config: 495     instance: 115     result: 32796998.000000     time: 21.34824
# Experiment: 122     config: 495     instance: 122     result: 32869404.000000     time: 20.44326
# Experiment: 120     config: 495     instance: 120     result: 32862528.000000     time: 21.23437
# Experiment: 123     config: 495     instance: 123     result: 32720466.000000     time: 21.85336
# Experiment: 124     config: 495     instance: 124     result: 32705744.000000     time: 21.36265
# Experiment: 126     config: 495     instance: 126     result: 33191373.000000     time: 19.16463
# Experiment: 125     config: 495     instance: 125     result: 32542963.000000     time: 20.30663
# Experiment: 127     config: 495     instance: 127     result: 32409648.000000     time: 19.49448
# Experiment: 128     config: 495     instance: 128     result: 32626750.000000     time: 19.46373
# Experiment: 130     config: 495     instance: 130     result: 32537182.000000     time: 17.28627
# Experiment: 129     config: 495     instance: 129     result: 32644255.000000     time: 18.18084
# Experiment: 134     config: 495     instance: 134     result: 32645575.000000     time: 17.37127
# Experiment: 140     config: 495     instance: 140     result: 32568010.000000     time: 16.96819
# Experiment: 132     config: 495     instance: 132     result: 32566991.000000     time: 20.27645
# Experiment: 141     config: 495     instance: 141     result: 32658168.000000     time: 18.13905
# Experiment: 136     config: 495     instance: 136     result: 32858919.000000     time: 19.73541
# Experiment: 131     config: 495     instance: 131     result: 32624670.000000     time: 21.95634
# Experiment: 139     config: 495     instance: 139     result: 32573888.000000     time: 20.17338
# Experiment: 133     config: 495     instance: 133     result: 32582084.000000     time: 19.58580
# Experiment: 135     config: 495     instance: 135     result: 33029406.000000     time: 21.03648
# Experiment: 144     config: 495     instance: 144     result: 32693287.000000     time: 19.60043
# Experiment: 137     config: 495     instance: 137     result: 32451646.000000     time: 20.36397
# Experiment: 142     config: 495     instance: 142     result: 32500338.000000     time: 19.27447
# Experiment: 146     config: 495     instance: 146     result: 32388961.000000     time: 19.70364
# Experiment: 138     config: 495     instance: 138     result: 32262317.000000     time: 21.37502
# Experiment: 143     config: 495     instance: 143     result: 32713210.000000     time: 21.78175
# Experiment: 145     config: 495     instance: 145     result: 32797344.000000     time: 21.07753
# Experiment: 148     config: 495     instance: 148     result: 32836640.000000     time: 19.24616
# Experiment: 147     config: 495     instance: 147     result: 32726952.000000     time: 20.40146
# Experiment: 150     config: 495     instance: 150     result: 32747902.000000     time: 19.61242
# Experiment: 151     config: 495     instance: 151     result: 32689677.000000     time: 21.20852
# Experiment: 149     config: 495     instance: 149     result: 32429912.000000     time: 21.79567
# Experiment: 152     config: 495     instance: 152     result: 32897820.000000     time: 21.63034
# Experiment: 154     config: 495     instance: 154     result: 33222923.000000     time: 20.42530
# Experiment: 155     config: 495     instance: 155     result: 32648952.000000     time: 20.92186
# Experiment: 153     config: 495     instance: 153     result: 32920012.000000     time: 22.45844
# Experiment: 156     config: 495     instance: 156     result: 32653002.000000     time: 18.81555
# Experiment: 158     config: 495     instance: 158     result: 32807018.000000     time: 17.86871
# Experiment: 157     config: 495     instance: 157     result: 32545633.000000     time: 18.73089
# Experiment: 159     config: 495     instance: 159     result: 32644509.000000     time: 18.62348
# Experiment: 161     config: 495     instance: 161     result: 32834353.000000     time: 20.21646
# Experiment: 160     config: 495     instance: 160     result: 32949641.000000     time: 19.44920
# Experiment: 166     config: 495     instance: 166     result: 32638691.000000     time: 16.35480
# Experiment: 168     config: 495     instance: 168     result: 32717160.000000     time: 16.89435
# Experiment: 167     config: 495     instance: 167     result: 32506767.000000     time: 17.53534
# Experiment: 162     config: 495     instance: 162     result: 32829016.000000     time: 19.52885
# Experiment: 174     config: 495     instance: 174     result: 32591152.000000     time: 16.78760
# Experiment: 163     config: 495     instance: 163     result: 32782918.000000     time: 21.00148
# Experiment: 165     config: 495     instance: 165     result: 32701196.000000     time: 21.02445
# Experiment: 164     config: 495     instance: 164     result: 33061568.000000     time: 21.18729
# Experiment: 169     config: 495     instance: 169     result: 32598736.000000     time: 20.30938
# Experiment: 172     config: 495     instance: 172     result: 32501127.000000     time: 19.86505
# Experiment: 177     config: 495     instance: 177     result: 32611948.000000     time: 17.79169
# Experiment: 173     config: 495     instance: 173     result: 32633673.000000     time: 19.46885
# Experiment: 170     config: 495     instance: 170     result: 32576238.000000     time: 20.15131
# Experiment: 176     config: 495     instance: 176     result: 32748679.000000     time: 18.48643
# Experiment: 171     config: 495     instance: 171     result: 32424177.000000     time: 20.99349
# Experiment: 175     config: 495     instance: 175     result: 32656109.000000     time: 19.56231
# Experiment: 181     config: 495     instance: 181     result: 32604885.000000     time: 17.24138
# Experiment: 180     config: 495     instance: 180     result: 32534851.000000     time: 19.23029
# Experiment: 178     config: 495     instance: 178     result: 32391603.000000     time: 20.10148
# Experiment: 184     config: 495     instance: 184     result: 32612316.000000     time: 19.09242
# Experiment: 179     config: 495     instance: 179     result: 32752508.000000     time: 20.66374
# Experiment: 182     config: 495     instance: 182     result: 32870670.000000     time: 18.60119
# Experiment: 183     config: 495     instance: 183     result: 33052909.000000     time: 20.05688
# Experiment: 188     config: 495     instance: 188     result: 32753957.000000     time: 14.91969
# Experiment: 186     config: 495     instance: 186     result: 32695414.000000     time: 19.18565
# Experiment: 185     config: 495     instance: 185     result: 32704544.000000     time: 19.09284
# Experiment: 187     config: 495     instance: 187     result: 32860892.000000     time: 16.26747
# Experiment: 189     config: 495     instance: 189     result: 32916457.000000     time: 17.22161
# Experiment: 191     config: 495     instance: 191     result: 32672140.000000     time: 14.98131
# Experiment: 190     config: 495     instance: 190     result: 32987952.000000     time: 16.89659
# Experiment: 194     config: 495     instance: 194     result: 32633570.000000     time: 15.62045
# Experiment: 193     config: 495     instance: 193     result: 32851876.000000     time: 16.08589
# Experiment: 197     config: 495     instance: 197     result: 32571667.000000     time: 14.08230
# Experiment: 192     config: 495     instance: 192     result: 32736014.000000     time: 17.41082
# Experiment: 195     config: 495     instance: 195     result: 32805059.000000     time: 15.65671
# Experiment: 196     config: 495     instance: 196     result: 32688859.000000     time: 15.63734
# Experiment: 199     config: 495     instance: 199     result: 32393908.000000     time: 14.77875
# Experiment: 200     config: 495     instance: 200     result: 32419446.000000     time: 16.02781
# Experiment: 198     config: 495     instance: 198     result: 32933687.000000     time: 17.36616
Before closing
Pool closed
Master stopped
Shutdown complete
Stopped
