/home/ysxiao/race/instances/tsp/RUE.Instances.2000/2000-1.tsp,/home/ysxiao/race/instances/tsp/RUE.Instances.2000/2000-11.tsp,/home/ysxiao/race/instances/tsp/RUE.Instances.2000/2000-110.tsp,/home/ysxiao/race/instances/tsp/RUE.Instances.2000/2000-111.tsp,/home/ysxiao/race/instances/tsp/RUE.Instances.2000/2000-112.tsp,/home/ysxiao/race/instances/tsp/RUE.Instances.2000/2000-113.tsp,/home/ysxiao/race/instances/tsp/RUE.Instances.2000/2000-114.tsp,/home/ysxiao/race/instances/tsp/RUE.Instances.2000/2000-115.tsp,/home/ysxiao/race/instances/tsp/RUE.Instances.2000/2000-116.tsp,/home/ysxiao/race/instances/tsp/RUE.Instances.2000/2000-117.tsp,/home/ysxiao/race/instances/tsp/RUE.Instances.2000/2000-118.tsp,/home/ysxiao/race/instances/tsp/RUE.Instances.2000/2000-119.tsp,/home/ysxiao/race/instances/tsp/RUE.Instances.2000/2000-12.tsp,/home/ysxiao/race/instances/tsp/RUE.Instances.2000/2000-120.tsp,/home/ysxiao/race/instances/tsp/RUE.Instances.2000/2000-121.tsp,/home/ysxiao/race/instances/tsp/RUE.Instances.2000/2000-122.tsp,/home/ysxiao/race/instances/tsp/RUE.Instances.2000/2000-123.tsp,/home/ysxiao/race/instances/tsp/RUE.Instances.2000/2000-124.tsp,/home/ysxiao/race/instances/tsp/RUE.Instances.2000/2000-125.tsp,/home/ysxiao/race/instances/tsp/RUE.Instances.2000/2000-126.tsp,/home/ysxiao/race/instances/tsp/RUE.Instances.2000/2000-127.tsp,/home/ysxiao/race/instances/tsp/RUE.Instances.2000/2000-128.tsp,/home/ysxiao/race/instances/tsp/RUE.Instances.2000/2000-129.tsp,/home/ysxiao/race/instances/tsp/RUE.Instances.2000/2000-14.tsp,/home/ysxiao/race/instances/tsp/RUE.Instances.2000/2000-140.tsp,/home/ysxiao/race/instances/tsp/RUE.Instances.2000/2000-141.tsp,/home/ysxiao/race/instances/tsp/RUE.Instances.2000/2000-142.tsp,/home/ysxiao/race/instances/tsp/RUE.Instances.2000/2000-143.tsp,/home/ysxiao/race/instances/tsp/RUE.Instances.2000/2000-144.tsp,/home/ysxiao/race/instances/tsp/RUE.Instances.2000/2000-145.tsp,/home/ysxiao/race/instances/tsp/RUE.Instances.2000/2000-146.tsp,/home/ysxiao/race/instances/tsp/RUE.Instances.2000/2000-147.tsp,/home/ysxiao/race/instances/tsp/RUE.Instances.2000/2000-148.tsp,/home/ysxiao/race/instances/tsp/RUE.Instances.2000/2000-149.tsp,/home/ysxiao/race/instances/tsp/RUE.Instances.2000/2000-15.tsp,/home/ysxiao/race/instances/tsp/RUE.Instances.2000/2000-150.tsp,/home/ysxiao/race/instances/tsp/RUE.Instances.2000/2000-151.tsp,/home/ysxiao/race/instances/tsp/RUE.Instances.2000/2000-152.tsp,/home/ysxiao/race/instances/tsp/RUE.Instances.2000/2000-153.tsp,/home/ysxiao/race/instances/tsp/RUE.Instances.2000/2000-154.tsp,/home/ysxiao/race/instances/tsp/RUE.Instances.2000/2000-155.tsp,/home/ysxiao/race/instances/tsp/RUE.Instances.2000/2000-156.tsp,/home/ysxiao/race/instances/tsp/RUE.Instances.2000/2000-157.tsp,/home/ysxiao/race/instances/tsp/RUE.Instances.2000/2000-158.tsp,/home/ysxiao/race/instances/tsp/RUE.Instances.2000/2000-159.tsp,/home/ysxiao/race/instances/tsp/RUE.Instances.2000/2000-16.tsp,/home/ysxiao/race/instances/tsp/RUE.Instances.2000/2000-160.tsp,/home/ysxiao/race/instances/tsp/RUE.Instances.2000/2000-161.tsp,/home/ysxiao/race/instances/tsp/RUE.Instances.2000/2000-162.tsp,/home/ysxiao/race/instances/tsp/RUE.Instances.2000/2000-163.tsp,/home/ysxiao/race/instances/tsp/RUE.Instances.2000/2000-164.tsp,/home/ysxiao/race/instances/tsp/RUE.Instances.2000/2000-165.tsp,/home/ysxiao/race/instances/tsp/RUE.Instances.2000/2000-166.tsp,/home/ysxiao/race/instances/tsp/RUE.Instances.2000/2000-167.tsp,/home/ysxiao/race/instances/tsp/RUE.Instances.2000/2000-168.tsp,/home/ysxiao/race/instances/tsp/RUE.Instances.2000/2000-169.tsp,/home/ysxiao/race/instances/tsp/RUE.Instances.2000/2000-17.tsp,/home/ysxiao/race/instances/tsp/RUE.Instances.2000/2000-170.tsp,/home/ysxiao/race/instances/tsp/RUE.Instances.2000/2000-171.tsp,/home/ysxiao/race/instances/tsp/RUE.Instances.2000/2000-172.tsp,/home/ysxiao/race/instances/tsp/RUE.Instances.2000/2000-173.tsp,/home/ysxiao/race/instances/tsp/RUE.Instances.2000/2000-174.tsp,/home/ysxiao/race/instances/tsp/RUE.Instances.2000/2000-175.tsp,/home/ysxiao/race/instances/tsp/RUE.Instances.2000/2000-176.tsp,/home/ysxiao/race/instances/tsp/RUE.Instances.2000/2000-177.tsp,/home/ysxiao/race/instances/tsp/RUE.Instances.2000/2000-178.tsp,/home/ysxiao/race/instances/tsp/RUE.Instances.2000/2000-179.tsp,/home/ysxiao/race/instances/tsp/RUE.Instances.2000/2000-18.tsp,/home/ysxiao/race/instances/tsp/RUE.Instances.2000/2000-180.tsp,/home/ysxiao/race/instances/tsp/RUE.Instances.2000/2000-181.tsp,/home/ysxiao/race/instances/tsp/RUE.Instances.2000/2000-182.tsp,/home/ysxiao/race/instances/tsp/RUE.Instances.2000/2000-183.tsp,/home/ysxiao/race/instances/tsp/RUE.Instances.2000/2000-184.tsp,/home/ysxiao/race/instances/tsp/RUE.Instances.2000/2000-185.tsp,/home/ysxiao/race/instances/tsp/RUE.Instances.2000/2000-186.tsp,/home/ysxiao/race/instances/tsp/RUE.Instances.2000/2000-187.tsp,/home/ysxiao/race/instances/tsp/RUE.Instances.2000/2000-188.tsp,/home/ysxiao/race/instances/tsp/RUE.Instances.2000/2000-189.tsp,/home/ysxiao/race/instances/tsp/RUE.Instances.2000/2000-19.tsp,/home/ysxiao/race/instances/tsp/RUE.Instances.2000/2000-190.tsp,/home/ysxiao/race/instances/tsp/RUE.Instances.2000/2000-191.tsp,/home/ysxiao/race/instances/tsp/RUE.Instances.2000/2000-192.tsp,/home/ysxiao/race/instances/tsp/RUE.Instances.2000/2000-193.tsp,/home/ysxiao/race/instances/tsp/RUE.Instances.2000/2000-194.tsp,/home/ysxiao/race/instances/tsp/RUE.Instances.2000/2000-195.tsp,/home/ysxiao/race/instances/tsp/RUE.Instances.2000/2000-196.tsp,/home/ysxiao/race/instances/tsp/RUE.Instances.2000/2000-197.tsp,/home/ysxiao/race/instances/tsp/RUE.Instances.2000/2000-198.tsp,/home/ysxiao/race/instances/tsp/RUE.Instances.2000/2000-199.tsp,/home/ysxiao/race/instances/tsp/RUE.Instances.2000/2000-6.tsp,/home/ysxiao/race/instances/tsp/RUE.Instances.2000/2000-60.tsp,/home/ysxiao/race/instances/tsp/RUE.Instances.2000/2000-600.tsp,/home/ysxiao/race/instances/tsp/RUE.Instances.2000/2000-601.tsp,/home/ysxiao/race/instances/tsp/RUE.Instances.2000/2000-602.tsp,/home/ysxiao/race/instances/tsp/RUE.Instances.2000/2000-603.tsp,/home/ysxiao/race/instances/tsp/RUE.Instances.2000/2000-604.tsp,/home/ysxiao/race/instances/tsp/RUE.Instances.2000/2000-605.tsp,/home/ysxiao/race/instances/tsp/RUE.Instances.2000/2000-606.tsp,/home/ysxiao/race/instances/tsp/RUE.Instances.2000/2000-607.tsp,/home/ysxiao/race/instances/tsp/RUE.Instances.2000/2000-608.tsp,/home/ysxiao/race/instances/tsp/RUE.Instances.2000/2000-609.tsp,/home/ysxiao/race/instances/tsp/RUE.Instances.2000/2000-61.tsp,/home/ysxiao/race/instances/tsp/RUE.Instances.2000/2000-610.tsp,/home/ysxiao/race/instances/tsp/RUE.Instances.2000/2000-611.tsp,/home/ysxiao/race/instances/tsp/RUE.Instances.2000/2000-612.tsp,/home/ysxiao/race/instances/tsp/RUE.Instances.2000/2000-613.tsp,/home/ysxiao/race/instances/tsp/RUE.Instances.2000/2000-614.tsp,/home/ysxiao/race/instances/tsp/RUE.Instances.2000/2000-615.tsp,/home/ysxiao/race/instances/tsp/RUE.Instances.2000/2000-616.tsp,/home/ysxiao/race/instances/tsp/RUE.Instances.2000/2000-617.tsp,/home/ysxiao/race/instances/tsp/RUE.Instances.2000/2000-618.tsp,/home/ysxiao/race/instances/tsp/RUE.Instances.2000/2000-619.tsp,/home/ysxiao/race/instances/tsp/RUE.Instances.2000/2000-62.tsp,/home/ysxiao/race/instances/tsp/RUE.Instances.2000/2000-620.tsp,/home/ysxiao/race/instances/tsp/RUE.Instances.2000/2000-621.tsp,/home/ysxiao/race/instances/tsp/RUE.Instances.2000/2000-622.tsp,/home/ysxiao/race/instances/tsp/RUE.Instances.2000/2000-623.tsp,/home/ysxiao/race/instances/tsp/RUE.Instances.2000/2000-624.tsp,/home/ysxiao/race/instances/tsp/RUE.Instances.2000/2000-625.tsp,/home/ysxiao/race/instances/tsp/RUE.Instances.2000/2000-626.tsp,/home/ysxiao/race/instances/tsp/RUE.Instances.2000/2000-627.tsp,/home/ysxiao/race/instances/tsp/RUE.Instances.2000/2000-628.tsp,/home/ysxiao/race/instances/tsp/RUE.Instances.2000/2000-629.tsp,/home/ysxiao/race/instances/tsp/RUE.Instances.2000/2000-63.tsp,/home/ysxiao/race/instances/tsp/RUE.Instances.2000/2000-630.tsp,/home/ysxiao/race/instances/tsp/RUE.Instances.2000/2000-631.tsp,/home/ysxiao/race/instances/tsp/RUE.Instances.2000/2000-632.tsp,/home/ysxiao/race/instances/tsp/RUE.Instances.2000/2000-633.tsp,/home/ysxiao/race/instances/tsp/RUE.Instances.2000/2000-634.tsp,/home/ysxiao/race/instances/tsp/RUE.Instances.2000/2000-635.tsp,/home/ysxiao/race/instances/tsp/RUE.Instances.2000/2000-636.tsp,/home/ysxiao/race/instances/tsp/RUE.Instances.2000/2000-637.tsp,/home/ysxiao/race/instances/tsp/RUE.Instances.2000/2000-638.tsp,/home/ysxiao/race/instances/tsp/RUE.Instances.2000/2000-639.tsp,/home/ysxiao/race/instances/tsp/RUE.Instances.2000/2000-64.tsp,/home/ysxiao/race/instances/tsp/RUE.Instances.2000/2000-640.tsp,/home/ysxiao/race/instances/tsp/RUE.Instances.2000/2000-641.tsp,/home/ysxiao/race/instances/tsp/RUE.Instances.2000/2000-642.tsp,/home/ysxiao/race/instances/tsp/RUE.Instances.2000/2000-643.tsp,/home/ysxiao/race/instances/tsp/RUE.Instances.2000/2000-644.tsp,/home/ysxiao/race/instances/tsp/RUE.Instances.2000/2000-645.tsp,/home/ysxiao/race/instances/tsp/RUE.Instances.2000/2000-646.tsp,/home/ysxiao/race/instances/tsp/RUE.Instances.2000/2000-647.tsp,/home/ysxiao/race/instances/tsp/RUE.Instances.2000/2000-648.tsp,/home/ysxiao/race/instances/tsp/RUE.Instances.2000/2000-649.tsp,/home/ysxiao/race/instances/tsp/RUE.Instances.2000/2000-65.tsp,/home/ysxiao/race/instances/tsp/RUE.Instances.2000/2000-650.tsp,/home/ysxiao/race/instances/tsp/RUE.Instances.2000/2000-651.tsp,/home/ysxiao/race/instances/tsp/RUE.Instances.2000/2000-652.tsp,/home/ysxiao/race/instances/tsp/RUE.Instances.2000/2000-653.tsp,/home/ysxiao/race/instances/tsp/RUE.Instances.2000/2000-654.tsp,/home/ysxiao/race/instances/tsp/RUE.Instances.2000/2000-655.tsp,/home/ysxiao/race/instances/tsp/RUE.Instances.2000/2000-656.tsp,/home/ysxiao/race/instances/tsp/RUE.Instances.2000/2000-657.tsp,/home/ysxiao/race/instances/tsp/RUE.Instances.2000/2000-658.tsp,/home/ysxiao/race/instances/tsp/RUE.Instances.2000/2000-659.tsp,/home/ysxiao/race/instances/tsp/RUE.Instances.2000/2000-66.tsp,/home/ysxiao/race/instances/tsp/RUE.Instances.2000/2000-660.tsp,/home/ysxiao/race/instances/tsp/RUE.Instances.2000/2000-661.tsp,/home/ysxiao/race/instances/tsp/RUE.Instances.2000/2000-662.tsp,/home/ysxiao/race/instances/tsp/RUE.Instances.2000/2000-663.tsp,/home/ysxiao/race/instances/tsp/RUE.Instances.2000/2000-664.tsp,/home/ysxiao/race/instances/tsp/RUE.Instances.2000/2000-665.tsp,/home/ysxiao/race/instances/tsp/RUE.Instances.2000/2000-666.tsp,/home/ysxiao/race/instances/tsp/RUE.Instances.2000/2000-667.tsp,/home/ysxiao/race/instances/tsp/RUE.Instances.2000/2000-668.tsp,/home/ysxiao/race/instances/tsp/RUE.Instances.2000/2000-669.tsp,/home/ysxiao/race/instances/tsp/RUE.Instances.2000/2000-67.tsp,/home/ysxiao/race/instances/tsp/RUE.Instances.2000/2000-670.tsp,/home/ysxiao/race/instances/tsp/RUE.Instances.2000/2000-671.tsp,/home/ysxiao/race/instances/tsp/RUE.Instances.2000/2000-672.tsp,/home/ysxiao/race/instances/tsp/RUE.Instances.2000/2000-673.tsp,/home/ysxiao/race/instances/tsp/RUE.Instances.2000/2000-674.tsp,/home/ysxiao/race/instances/tsp/RUE.Instances.2000/2000-675.tsp,/home/ysxiao/race/instances/tsp/RUE.Instances.2000/2000-676.tsp,/home/ysxiao/race/instances/tsp/RUE.Instances.2000/2000-677.tsp,/home/ysxiao/race/instances/tsp/RUE.Instances.2000/2000-678.tsp,/home/ysxiao/race/instances/tsp/RUE.Instances.2000/2000-679.tsp,/home/ysxiao/race/instances/tsp/RUE.Instances.2000/2000-68.tsp,/home/ysxiao/race/instances/tsp/RUE.Instances.2000/2000-680.tsp,/home/ysxiao/race/instances/tsp/RUE.Instances.2000/2000-681.tsp,/home/ysxiao/race/instances/tsp/RUE.Instances.2000/2000-682.tsp,/home/ysxiao/race/instances/tsp/RUE.Instances.2000/2000-683.tsp,/home/ysxiao/race/instances/tsp/RUE.Instances.2000/2000-684.tsp,/home/ysxiao/race/instances/tsp/RUE.Instances.2000/2000-685.tsp,/home/ysxiao/race/instances/tsp/RUE.Instances.2000/2000-686.tsp,/home/ysxiao/race/instances/tsp/RUE.Instances.2000/2000-687.tsp,/home/ysxiao/race/instances/tsp/RUE.Instances.2000/2000-688.tsp,/home/ysxiao/race/instances/tsp/RUE.Instances.2000/2000-689.tsp,/home/ysxiao/race/instances/tsp/RUE.Instances.2000/2000-69.tsp,/home/ysxiao/race/instances/tsp/RUE.Instances.2000/2000-690.tsp,/home/ysxiao/race/instances/tsp/RUE.Instances.2000/2000-691.tsp,/home/ysxiao/race/instances/tsp/RUE.Instances.2000/2000-692.tsp,/home/ysxiao/race/instances/tsp/RUE.Instances.2000/2000-693.tsp,/home/ysxiao/race/instances/tsp/RUE.Instances.2000/2000-694.tsp,/home/ysxiao/race/instances/tsp/RUE.Instances.2000/2000-695.tsp,/home/ysxiao/race/instances/tsp/RUE.Instances.2000/2000-696.tsp,/home/ysxiao/race/instances/tsp/RUE.Instances.2000/2000-697.tsp,/home/ysxiao/race/instances/tsp/RUE.Instances.2000/2000-698.tsp,/home/ysxiao/race/instances/tsp/RUE.Instances.2000/2000-699.tsp
1,/home/ysxiao/race/instances/tsp/RUE.Instances.2000/2000-143.tsp,5543477
2,/home/ysxiao/race/instances/tsp/RUE.Instances.2000/2000-660.tsp,952410
3,/home/ysxiao/race/instances/tsp/RUE.Instances.2000/2000-12.tsp,873859
4,/home/ysxiao/race/instances/tsp/RUE.Instances.2000/2000-159.tsp,800141
5,/home/ysxiao/race/instances/tsp/RUE.Instances.2000/2000-116.tsp,5602091
6,/home/ysxiao/race/instances/tsp/RUE.Instances.2000/2000-600.tsp,6476834
7,/home/ysxiao/race/instances/tsp/RUE.Instances.2000/2000-614.tsp,6317261
8,/home/ysxiao/race/instances/tsp/RUE.Instances.2000/2000-114.tsp,3220802
9,/home/ysxiao/race/instances/tsp/RUE.Instances.2000/2000-122.tsp,4810840
10,/home/ysxiao/race/instances/tsp/RUE.Instances.2000/2000-175.tsp,7714894
11,/home/ysxiao/race/instances/tsp/RUE.Instances.2000/2000-69.tsp,8339836
12,/home/ysxiao/race/instances/tsp/RUE.Instances.2000/2000-184.tsp,1762139
13,/home/ysxiao/race/instances/tsp/RUE.Instances.2000/2000-67.tsp,4911686
14,/home/ysxiao/race/instances/tsp/RUE.Instances.2000/2000-623.tsp,3698493
15,/home/ysxiao/race/instances/tsp/RUE.Instances.2000/2000-193.tsp,2427656
16,/home/ysxiao/race/instances/tsp/RUE.Instances.2000/2000-685.tsp,8353629
17,/home/ysxiao/race/instances/tsp/RUE.Instances.2000/2000-147.tsp,8340435
18,/home/ysxiao/race/instances/tsp/RUE.Instances.2000/2000-172.tsp,1688683
19,/home/ysxiao/race/instances/tsp/RUE.Instances.2000/2000-62.tsp,2088668
20,/home/ysxiao/race/instances/tsp/RUE.Instances.2000/2000-643.tsp,4389673
21,/home/ysxiao/race/instances/tsp/RUE.Instances.2000/2000-166.tsp,832660
22,/home/ysxiao/race/instances/tsp/RUE.Instances.2000/2000-155.tsp,2253257
23,/home/ysxiao/race/instances/tsp/RUE.Instances.2000/2000-622.tsp,6532844
24,/home/ysxiao/race/instances/tsp/RUE.Instances.2000/2000-656.tsp,1080244
25,/home/ysxiao/race/instances/tsp/RUE.Instances.2000/2000-678.tsp,7259463
26,/home/ysxiao/race/instances/tsp/RUE.Instances.2000/2000-65.tsp,5775274
27,/home/ysxiao/race/instances/tsp/RUE.Instances.2000/2000-638.tsp,334380
28,/home/ysxiao/race/instances/tsp/RUE.Instances.2000/2000-180.tsp,7449771
29,/home/ysxiao/race/instances/tsp/RUE.Instances.2000/2000-627.tsp,2543461
30,/home/ysxiao/race/instances/tsp/RUE.Instances.2000/2000-124.tsp,6873091
31,/home/ysxiao/race/instances/tsp/RUE.Instances.2000/2000-681.tsp,178485
32,/home/ysxiao/race/instances/tsp/RUE.Instances.2000/2000-197.tsp,4848712
33,/home/ysxiao/race/instances/tsp/RUE.Instances.2000/2000-123.tsp,9291163
34,/home/ysxiao/race/instances/tsp/RUE.Instances.2000/2000-181.tsp,5551137
35,/home/ysxiao/race/instances/tsp/RUE.Instances.2000/2000-186.tsp,1587747
36,/home/ysxiao/race/instances/tsp/RUE.Instances.2000/2000-117.tsp,7428085
37,/home/ysxiao/race/instances/tsp/RUE.Instances.2000/2000-645.tsp,2677359
38,/home/ysxiao/race/instances/tsp/RUE.Instances.2000/2000-668.tsp,2682939
39,/home/ysxiao/race/instances/tsp/RUE.Instances.2000/2000-655.tsp,854053
40,/home/ysxiao/race/instances/tsp/RUE.Instances.2000/2000-68.tsp,550655
41,/home/ysxiao/race/instances/tsp/RUE.Instances.2000/2000-644.tsp,7139081
42,/home/ysxiao/race/instances/tsp/RUE.Instances.2000/2000-640.tsp,8206417
43,/home/ysxiao/race/instances/tsp/RUE.Instances.2000/2000-630.tsp,8945051
44,/home/ysxiao/race/instances/tsp/RUE.Instances.2000/2000-118.tsp,7960822
45,/home/ysxiao/race/instances/tsp/RUE.Instances.2000/2000-189.tsp,9147938
46,/home/ysxiao/race/instances/tsp/RUE.Instances.2000/2000-602.tsp,2143646
47,/home/ysxiao/race/instances/tsp/RUE.Instances.2000/2000-664.tsp,1470420
48,/home/ysxiao/race/instances/tsp/RUE.Instances.2000/2000-157.tsp,7243040
49,/home/ysxiao/race/instances/tsp/RUE.Instances.2000/2000-688.tsp,3339368
50,/home/ysxiao/race/instances/tsp/RUE.Instances.2000/2000-661.tsp,417889
51,/home/ysxiao/race/instances/tsp/RUE.Instances.2000/2000-692.tsp,9449462
52,/home/ysxiao/race/instances/tsp/RUE.Instances.2000/2000-178.tsp,6569201
53,/home/ysxiao/race/instances/tsp/RUE.Instances.2000/2000-663.tsp,8585403
54,/home/ysxiao/race/instances/tsp/RUE.Instances.2000/2000-119.tsp,3120533
55,/home/ysxiao/race/instances/tsp/RUE.Instances.2000/2000-187.tsp,3531967
56,/home/ysxiao/race/instances/tsp/RUE.Instances.2000/2000-153.tsp,6422631
57,/home/ysxiao/race/instances/tsp/RUE.Instances.2000/2000-198.tsp,2618696
58,/home/ysxiao/race/instances/tsp/RUE.Instances.2000/2000-694.tsp,781235
59,/home/ysxiao/race/instances/tsp/RUE.Instances.2000/2000-167.tsp,7150458
60,/home/ysxiao/race/instances/tsp/RUE.Instances.2000/2000-608.tsp,2543158
61,/home/ysxiao/race/instances/tsp/RUE.Instances.2000/2000-191.tsp,3398919
62,/home/ysxiao/race/instances/tsp/RUE.Instances.2000/2000-128.tsp,614139
63,/home/ysxiao/race/instances/tsp/RUE.Instances.2000/2000-659.tsp,3096468
64,/home/ysxiao/race/instances/tsp/RUE.Instances.2000/2000-696.tsp,8354737
65,/home/ysxiao/race/instances/tsp/RUE.Instances.2000/2000-60.tsp,3560455
66,/home/ysxiao/race/instances/tsp/RUE.Instances.2000/2000-11.tsp,7263916
67,/home/ysxiao/race/instances/tsp/RUE.Instances.2000/2000-677.tsp,3140133
68,/home/ysxiao/race/instances/tsp/RUE.Instances.2000/2000-637.tsp,2012600
69,/home/ysxiao/race/instances/tsp/RUE.Instances.2000/2000-674.tsp,4642096
70,/home/ysxiao/race/instances/tsp/RUE.Instances.2000/2000-64.tsp,1396126
71,/home/ysxiao/race/instances/tsp/RUE.Instances.2000/2000-633.tsp,2407528
72,/home/ysxiao/race/instances/tsp/RUE.Instances.2000/2000-170.tsp,3150604
73,/home/ysxiao/race/instances/tsp/RUE.Instances.2000/2000-607.tsp,4699522
74,/home/ysxiao/race/instances/tsp/RUE.Instances.2000/2000-652.tsp,5415821
75,/home/ysxiao/race/instances/tsp/RUE.Instances.2000/2000-632.tsp,8653064
76,/home/ysxiao/race/instances/tsp/RUE.Instances.2000/2000-682.tsp,2903558
77,/home/ysxiao/race/instances/tsp/RUE.Instances.2000/2000-628.tsp,6755144
78,/home/ysxiao/race/instances/tsp/RUE.Instances.2000/2000-670.tsp,4752123
79,/home/ysxiao/race/instances/tsp/RUE.Instances.2000/2000-621.tsp,7726629
80,/home/ysxiao/race/instances/tsp/RUE.Instances.2000/2000-684.tsp,5748634
81,/home/ysxiao/race/instances/tsp/RUE.Instances.2000/2000-15.tsp,3746722
82,/home/ysxiao/race/instances/tsp/RUE.Instances.2000/2000-662.tsp,7367000
83,/home/ysxiao/race/instances/tsp/RUE.Instances.2000/2000-18.tsp,7701396
84,/home/ysxiao/race/instances/tsp/RUE.Instances.2000/2000-687.tsp,7681339
85,/home/ysxiao/race/instances/tsp/RUE.Instances.2000/2000-156.tsp,8129132
86,/home/ysxiao/race/instances/tsp/RUE.Instances.2000/2000-642.tsp,948614
87,/home/ysxiao/race/instances/tsp/RUE.Instances.2000/2000-176.tsp,7119621
88,/home/ysxiao/race/instances/tsp/RUE.Instances.2000/2000-654.tsp,5908659
89,/home/ysxiao/race/instances/tsp/RUE.Instances.2000/2000-165.tsp,5588105
90,/home/ysxiao/race/instances/tsp/RUE.Instances.2000/2000-16.tsp,5069377
91,/home/ysxiao/race/instances/tsp/RUE.Instances.2000/2000-612.tsp,3090115
92,/home/ysxiao/race/instances/tsp/RUE.Instances.2000/2000-635.tsp,8241964
93,/home/ysxiao/race/instances/tsp/RUE.Instances.2000/2000-650.tsp,36592
94,/home/ysxiao/race/instances/tsp/RUE.Instances.2000/2000-160.tsp,3481195
95,/home/ysxiao/race/instances/tsp/RUE.Instances.2000/2000-161.tsp,3111038
96,/home/ysxiao/race/instances/tsp/RUE.Instances.2000/2000-1.tsp,3956377
97,/home/ysxiao/race/instances/tsp/RUE.Instances.2000/2000-619.tsp,1265741
98,/home/ysxiao/race/instances/tsp/RUE.Instances.2000/2000-169.tsp,1419271
99,/home/ysxiao/race/instances/tsp/RUE.Instances.2000/2000-6.tsp,1116037
100,/home/ysxiao/race/instances/tsp/RUE.Instances.2000/2000-182.tsp,1524519
101,/home/ysxiao/race/instances/tsp/RUE.Instances.2000/2000-609.tsp,2809848
102,/home/ysxiao/race/instances/tsp/RUE.Instances.2000/2000-190.tsp,9714239
103,/home/ysxiao/race/instances/tsp/RUE.Instances.2000/2000-648.tsp,2595821
104,/home/ysxiao/race/instances/tsp/RUE.Instances.2000/2000-179.tsp,5465943
105,/home/ysxiao/race/instances/tsp/RUE.Instances.2000/2000-691.tsp,4046414
106,/home/ysxiao/race/instances/tsp/RUE.Instances.2000/2000-618.tsp,6405224
107,/home/ysxiao/race/instances/tsp/RUE.Instances.2000/2000-171.tsp,231152
108,/home/ysxiao/race/instances/tsp/RUE.Instances.2000/2000-185.tsp,3473868
109,/home/ysxiao/race/instances/tsp/RUE.Instances.2000/2000-141.tsp,4640384
110,/home/ysxiao/race/instances/tsp/RUE.Instances.2000/2000-631.tsp,9587669
111,/home/ysxiao/race/instances/tsp/RUE.Instances.2000/2000-145.tsp,5468154
112,/home/ysxiao/race/instances/tsp/RUE.Instances.2000/2000-148.tsp,7241386
113,/home/ysxiao/race/instances/tsp/RUE.Instances.2000/2000-646.tsp,6138419
114,/home/ysxiao/race/instances/tsp/RUE.Instances.2000/2000-620.tsp,5944171
115,/home/ysxiao/race/instances/tsp/RUE.Instances.2000/2000-601.tsp,6878796
116,/home/ysxiao/race/instances/tsp/RUE.Instances.2000/2000-667.tsp,6312949
117,/home/ysxiao/race/instances/tsp/RUE.Instances.2000/2000-641.tsp,9897072
118,/home/ysxiao/race/instances/tsp/RUE.Instances.2000/2000-111.tsp,386581
119,/home/ysxiao/race/instances/tsp/RUE.Instances.2000/2000-634.tsp,4377999
120,/home/ysxiao/race/instances/tsp/RUE.Instances.2000/2000-639.tsp,2582881
121,/home/ysxiao/race/instances/tsp/RUE.Instances.2000/2000-651.tsp,1598075
122,/home/ysxiao/race/instances/tsp/RUE.Instances.2000/2000-680.tsp,118162
123,/home/ysxiao/race/instances/tsp/RUE.Instances.2000/2000-606.tsp,5638157
124,/home/ysxiao/race/instances/tsp/RUE.Instances.2000/2000-63.tsp,2470850
125,/home/ysxiao/race/instances/tsp/RUE.Instances.2000/2000-699.tsp,2424649
126,/home/ysxiao/race/instances/tsp/RUE.Instances.2000/2000-603.tsp,5358062
127,/home/ysxiao/race/instances/tsp/RUE.Instances.2000/2000-647.tsp,2703863
128,/home/ysxiao/race/instances/tsp/RUE.Instances.2000/2000-625.tsp,8264150
129,/home/ysxiao/race/instances/tsp/RUE.Instances.2000/2000-151.tsp,8637583
130,/home/ysxiao/race/instances/tsp/RUE.Instances.2000/2000-679.tsp,2637210
131,/home/ysxiao/race/instances/tsp/RUE.Instances.2000/2000-195.tsp,5023542
132,/home/ysxiao/race/instances/tsp/RUE.Instances.2000/2000-177.tsp,78477
133,/home/ysxiao/race/instances/tsp/RUE.Instances.2000/2000-164.tsp,6903757
134,/home/ysxiao/race/instances/tsp/RUE.Instances.2000/2000-163.tsp,5493241
135,/home/ysxiao/race/instances/tsp/RUE.Instances.2000/2000-658.tsp,7466002
136,/home/ysxiao/race/instances/tsp/RUE.Instances.2000/2000-150.tsp,4352905
137,/home/ysxiao/race/instances/tsp/RUE.Instances.2000/2000-112.tsp,7579157
138,/home/ysxiao/race/instances/tsp/RUE.Instances.2000/2000-629.tsp,8931219
139,/home/ysxiao/race/instances/tsp/RUE.Instances.2000/2000-693.tsp,2882074
140,/home/ysxiao/race/instances/tsp/RUE.Instances.2000/2000-636.tsp,5357554
141,/home/ysxiao/race/instances/tsp/RUE.Instances.2000/2000-127.tsp,1534307
142,/home/ysxiao/race/instances/tsp/RUE.Instances.2000/2000-669.tsp,7259974
143,/home/ysxiao/race/instances/tsp/RUE.Instances.2000/2000-113.tsp,3287820
144,/home/ysxiao/race/instances/tsp/RUE.Instances.2000/2000-616.tsp,8937459
145,/home/ysxiao/race/instances/tsp/RUE.Instances.2000/2000-149.tsp,5995337
146,/home/ysxiao/race/instances/tsp/RUE.Instances.2000/2000-675.tsp,8548110
147,/home/ysxiao/race/instances/tsp/RUE.Instances.2000/2000-610.tsp,9818437
148,/home/ysxiao/race/instances/tsp/RUE.Instances.2000/2000-120.tsp,7647699
149,/home/ysxiao/race/instances/tsp/RUE.Instances.2000/2000-17.tsp,3623770
150,/home/ysxiao/race/instances/tsp/RUE.Instances.2000/2000-158.tsp,8149962
151,/home/ysxiao/race/instances/tsp/RUE.Instances.2000/2000-673.tsp,3978040
152,/home/ysxiao/race/instances/tsp/RUE.Instances.2000/2000-672.tsp,6098740
153,/home/ysxiao/race/instances/tsp/RUE.Instances.2000/2000-142.tsp,3323515
154,/home/ysxiao/race/instances/tsp/RUE.Instances.2000/2000-698.tsp,9060839
155,/home/ysxiao/race/instances/tsp/RUE.Instances.2000/2000-196.tsp,2693402
156,/home/ysxiao/race/instances/tsp/RUE.Instances.2000/2000-671.tsp,9977818
157,/home/ysxiao/race/instances/tsp/RUE.Instances.2000/2000-697.tsp,111418
158,/home/ysxiao/race/instances/tsp/RUE.Instances.2000/2000-173.tsp,9401532
159,/home/ysxiao/race/instances/tsp/RUE.Instances.2000/2000-604.tsp,490096
160,/home/ysxiao/race/instances/tsp/RUE.Instances.2000/2000-125.tsp,2035041
161,/home/ysxiao/race/instances/tsp/RUE.Instances.2000/2000-140.tsp,5886654
162,/home/ysxiao/race/instances/tsp/RUE.Instances.2000/2000-162.tsp,8966378
163,/home/ysxiao/race/instances/tsp/RUE.Instances.2000/2000-683.tsp,7360145
164,/home/ysxiao/race/instances/tsp/RUE.Instances.2000/2000-199.tsp,3136319
165,/home/ysxiao/race/instances/tsp/RUE.Instances.2000/2000-695.tsp,4387272
166,/home/ysxiao/race/instances/tsp/RUE.Instances.2000/2000-615.tsp,7581896
167,/home/ysxiao/race/instances/tsp/RUE.Instances.2000/2000-152.tsp,9433701
168,/home/ysxiao/race/instances/tsp/RUE.Instances.2000/2000-129.tsp,1620043
169,/home/ysxiao/race/instances/tsp/RUE.Instances.2000/2000-194.tsp,4114229
170,/home/ysxiao/race/instances/tsp/RUE.Instances.2000/2000-676.tsp,1114145
171,/home/ysxiao/race/instances/tsp/RUE.Instances.2000/2000-617.tsp,86448
172,/home/ysxiao/race/instances/tsp/RUE.Instances.2000/2000-192.tsp,7656097
173,/home/ysxiao/race/instances/tsp/RUE.Instances.2000/2000-168.tsp,2527526
174,/home/ysxiao/race/instances/tsp/RUE.Instances.2000/2000-686.tsp,7822352
175,/home/ysxiao/race/instances/tsp/RUE.Instances.2000/2000-144.tsp,3628314
176,/home/ysxiao/race/instances/tsp/RUE.Instances.2000/2000-110.tsp,4002238
177,/home/ysxiao/race/instances/tsp/RUE.Instances.2000/2000-649.tsp,4482719
178,/home/ysxiao/race/instances/tsp/RUE.Instances.2000/2000-154.tsp,8178708
179,/home/ysxiao/race/instances/tsp/RUE.Instances.2000/2000-613.tsp,303589
180,/home/ysxiao/race/instances/tsp/RUE.Instances.2000/2000-126.tsp,7106333
181,/home/ysxiao/race/instances/tsp/RUE.Instances.2000/2000-146.tsp,5643564
182,/home/ysxiao/race/instances/tsp/RUE.Instances.2000/2000-183.tsp,1954378
183,/home/ysxiao/race/instances/tsp/RUE.Instances.2000/2000-61.tsp,4907543
184,/home/ysxiao/race/instances/tsp/RUE.Instances.2000/2000-605.tsp,3040124
185,/home/ysxiao/race/instances/tsp/RUE.Instances.2000/2000-115.tsp,9901196
186,/home/ysxiao/race/instances/tsp/RUE.Instances.2000/2000-14.tsp,3742339
187,/home/ysxiao/race/instances/tsp/RUE.Instances.2000/2000-690.tsp,9796723
188,/home/ysxiao/race/instances/tsp/RUE.Instances.2000/2000-624.tsp,6525419
189,/home/ysxiao/race/instances/tsp/RUE.Instances.2000/2000-611.tsp,3646754
190,/home/ysxiao/race/instances/tsp/RUE.Instances.2000/2000-657.tsp,6573262
191,/home/ysxiao/race/instances/tsp/RUE.Instances.2000/2000-121.tsp,3115960
192,/home/ysxiao/race/instances/tsp/RUE.Instances.2000/2000-626.tsp,3153992
193,/home/ysxiao/race/instances/tsp/RUE.Instances.2000/2000-653.tsp,6309988
194,/home/ysxiao/race/instances/tsp/RUE.Instances.2000/2000-66.tsp,4996193
195,/home/ysxiao/race/instances/tsp/RUE.Instances.2000/2000-174.tsp,8715363
196,/home/ysxiao/race/instances/tsp/RUE.Instances.2000/2000-19.tsp,587881
197,/home/ysxiao/race/instances/tsp/RUE.Instances.2000/2000-689.tsp,267250
198,/home/ysxiao/race/instances/tsp/RUE.Instances.2000/2000-188.tsp,8707350
199,/home/ysxiao/race/instances/tsp/RUE.Instances.2000/2000-666.tsp,6244667
200,/home/ysxiao/race/instances/tsp/RUE.Instances.2000/2000-665.tsp,6471009
