help,False
man,
version,False
check,False
onlytest,
initialize,False
readlogs,
seed,6289080
debugLevel,0
logLevel,0
execDir,/home/ysxiao/race/experiments/crace/crace-25.09/quality/acotsp/elites/p32n1/exp-01
recoveryFile,
scenarioFile,/home/ysxiao/race/experiments/crace/crace-25.09/quality/acotsp/scenario-elites.txt
parameterFile,/home/ysxiao/tuning/crace/scenario_acotsp/parameters.txt
forbiddenFile,/home/ysxiao/tuning/crace/scenario_acotsp/forbidden.txt
configurationsFile,
trainInstancesDir,/home/ysxiao/race/instances/tsp/RUE.Instances.2000
trainInstancesFile,/home/ysxiao/race/instances/tsp/instances/list_200_train_16
sampleInstances,True
testInstancesDir,/home/ysxiao/race/instances/tsp/RUE.Instances.2000
testInstancesFile,/home/ysxiao/race/instances/tsp/instances/list_200_test_78
testNbElites,1
testType,t-test
domType,
eachTest,1
firstTest,5
testExperimentSize,0
confidence,0.95
targetRunner,/home/ysxiao/tuning/crace/scenario_acotsp/target-runner
targetRunnerRetries,0
maxExperiments,5000
maxTime,0
digits,4
parallel,31
mpi,True
nbConfigurations,31
maxNbElites,6
elitist,False
globalModel,False
modelUpdateByStep,0
sampleInsFrequency,1
softRestart,True
capping,False
boundMax,0
boundDigits,0
boundAsTimeout,True
