/home/ysxiao/race/instances/tsp/RUE.Instances.2000/2000-7.tsp,/home/ysxiao/race/instances/tsp/RUE.Instances.2000/2000-70.tsp,/home/ysxiao/race/instances/tsp/RUE.Instances.2000/2000-700.tsp,/home/ysxiao/race/instances/tsp/RUE.Instances.2000/2000-701.tsp,/home/ysxiao/race/instances/tsp/RUE.Instances.2000/2000-702.tsp,/home/ysxiao/race/instances/tsp/RUE.Instances.2000/2000-703.tsp,/home/ysxiao/race/instances/tsp/RUE.Instances.2000/2000-704.tsp,/home/ysxiao/race/instances/tsp/RUE.Instances.2000/2000-705.tsp,/home/ysxiao/race/instances/tsp/RUE.Instances.2000/2000-706.tsp,/home/ysxiao/race/instances/tsp/RUE.Instances.2000/2000-707.tsp,/home/ysxiao/race/instances/tsp/RUE.Instances.2000/2000-708.tsp,/home/ysxiao/race/instances/tsp/RUE.Instances.2000/2000-709.tsp,/home/ysxiao/race/instances/tsp/RUE.Instances.2000/2000-71.tsp,/home/ysxiao/race/instances/tsp/RUE.Instances.2000/2000-710.tsp,/home/ysxiao/race/instances/tsp/RUE.Instances.2000/2000-711.tsp,/home/ysxiao/race/instances/tsp/RUE.Instances.2000/2000-712.tsp,/home/ysxiao/race/instances/tsp/RUE.Instances.2000/2000-713.tsp,/home/ysxiao/race/instances/tsp/RUE.Instances.2000/2000-714.tsp,/home/ysxiao/race/instances/tsp/RUE.Instances.2000/2000-715.tsp,/home/ysxiao/race/instances/tsp/RUE.Instances.2000/2000-716.tsp,/home/ysxiao/race/instances/tsp/RUE.Instances.2000/2000-717.tsp,/home/ysxiao/race/instances/tsp/RUE.Instances.2000/2000-718.tsp,/home/ysxiao/race/instances/tsp/RUE.Instances.2000/2000-719.tsp,/home/ysxiao/race/instances/tsp/RUE.Instances.2000/2000-72.tsp,/home/ysxiao/race/instances/tsp/RUE.Instances.2000/2000-720.tsp,/home/ysxiao/race/instances/tsp/RUE.Instances.2000/2000-721.tsp,/home/ysxiao/race/instances/tsp/RUE.Instances.2000/2000-722.tsp,/home/ysxiao/race/instances/tsp/RUE.Instances.2000/2000-723.tsp,/home/ysxiao/race/instances/tsp/RUE.Instances.2000/2000-724.tsp,/home/ysxiao/race/instances/tsp/RUE.Instances.2000/2000-725.tsp,/home/ysxiao/race/instances/tsp/RUE.Instances.2000/2000-726.tsp,/home/ysxiao/race/instances/tsp/RUE.Instances.2000/2000-727.tsp,/home/ysxiao/race/instances/tsp/RUE.Instances.2000/2000-728.tsp,/home/ysxiao/race/instances/tsp/RUE.Instances.2000/2000-729.tsp,/home/ysxiao/race/instances/tsp/RUE.Instances.2000/2000-74.tsp,/home/ysxiao/race/instances/tsp/RUE.Instances.2000/2000-740.tsp,/home/ysxiao/race/instances/tsp/RUE.Instances.2000/2000-741.tsp,/home/ysxiao/race/instances/tsp/RUE.Instances.2000/2000-742.tsp,/home/ysxiao/race/instances/tsp/RUE.Instances.2000/2000-743.tsp,/home/ysxiao/race/instances/tsp/RUE.Instances.2000/2000-744.tsp,/home/ysxiao/race/instances/tsp/RUE.Instances.2000/2000-745.tsp,/home/ysxiao/race/instances/tsp/RUE.Instances.2000/2000-746.tsp,/home/ysxiao/race/instances/tsp/RUE.Instances.2000/2000-747.tsp,/home/ysxiao/race/instances/tsp/RUE.Instances.2000/2000-748.tsp,/home/ysxiao/race/instances/tsp/RUE.Instances.2000/2000-749.tsp,/home/ysxiao/race/instances/tsp/RUE.Instances.2000/2000-75.tsp,/home/ysxiao/race/instances/tsp/RUE.Instances.2000/2000-750.tsp,/home/ysxiao/race/instances/tsp/RUE.Instances.2000/2000-751.tsp,/home/ysxiao/race/instances/tsp/RUE.Instances.2000/2000-752.tsp,/home/ysxiao/race/instances/tsp/RUE.Instances.2000/2000-753.tsp,/home/ysxiao/race/instances/tsp/RUE.Instances.2000/2000-754.tsp,/home/ysxiao/race/instances/tsp/RUE.Instances.2000/2000-755.tsp,/home/ysxiao/race/instances/tsp/RUE.Instances.2000/2000-756.tsp,/home/ysxiao/race/instances/tsp/RUE.Instances.2000/2000-757.tsp,/home/ysxiao/race/instances/tsp/RUE.Instances.2000/2000-758.tsp,/home/ysxiao/race/instances/tsp/RUE.Instances.2000/2000-759.tsp,/home/ysxiao/race/instances/tsp/RUE.Instances.2000/2000-76.tsp,/home/ysxiao/race/instances/tsp/RUE.Instances.2000/2000-760.tsp,/home/ysxiao/race/instances/tsp/RUE.Instances.2000/2000-761.tsp,/home/ysxiao/race/instances/tsp/RUE.Instances.2000/2000-762.tsp,/home/ysxiao/race/instances/tsp/RUE.Instances.2000/2000-763.tsp,/home/ysxiao/race/instances/tsp/RUE.Instances.2000/2000-764.tsp,/home/ysxiao/race/instances/tsp/RUE.Instances.2000/2000-765.tsp,/home/ysxiao/race/instances/tsp/RUE.Instances.2000/2000-766.tsp,/home/ysxiao/race/instances/tsp/RUE.Instances.2000/2000-767.tsp,/home/ysxiao/race/instances/tsp/RUE.Instances.2000/2000-768.tsp,/home/ysxiao/race/instances/tsp/RUE.Instances.2000/2000-769.tsp,/home/ysxiao/race/instances/tsp/RUE.Instances.2000/2000-77.tsp,/home/ysxiao/race/instances/tsp/RUE.Instances.2000/2000-770.tsp,/home/ysxiao/race/instances/tsp/RUE.Instances.2000/2000-771.tsp,/home/ysxiao/race/instances/tsp/RUE.Instances.2000/2000-772.tsp,/home/ysxiao/race/instances/tsp/RUE.Instances.2000/2000-773.tsp,/home/ysxiao/race/instances/tsp/RUE.Instances.2000/2000-774.tsp,/home/ysxiao/race/instances/tsp/RUE.Instances.2000/2000-775.tsp,/home/ysxiao/race/instances/tsp/RUE.Instances.2000/2000-776.tsp,/home/ysxiao/race/instances/tsp/RUE.Instances.2000/2000-777.tsp,/home/ysxiao/race/instances/tsp/RUE.Instances.2000/2000-778.tsp,/home/ysxiao/race/instances/tsp/RUE.Instances.2000/2000-779.tsp,/home/ysxiao/race/instances/tsp/RUE.Instances.2000/2000-78.tsp,/home/ysxiao/race/instances/tsp/RUE.Instances.2000/2000-780.tsp,/home/ysxiao/race/instances/tsp/RUE.Instances.2000/2000-781.tsp,/home/ysxiao/race/instances/tsp/RUE.Instances.2000/2000-782.tsp,/home/ysxiao/race/instances/tsp/RUE.Instances.2000/2000-783.tsp,/home/ysxiao/race/instances/tsp/RUE.Instances.2000/2000-784.tsp,/home/ysxiao/race/instances/tsp/RUE.Instances.2000/2000-785.tsp,/home/ysxiao/race/instances/tsp/RUE.Instances.2000/2000-786.tsp,/home/ysxiao/race/instances/tsp/RUE.Instances.2000/2000-787.tsp,/home/ysxiao/race/instances/tsp/RUE.Instances.2000/2000-788.tsp,/home/ysxiao/race/instances/tsp/RUE.Instances.2000/2000-789.tsp,/home/ysxiao/race/instances/tsp/RUE.Instances.2000/2000-79.tsp,/home/ysxiao/race/instances/tsp/RUE.Instances.2000/2000-790.tsp,/home/ysxiao/race/instances/tsp/RUE.Instances.2000/2000-791.tsp,/home/ysxiao/race/instances/tsp/RUE.Instances.2000/2000-792.tsp,/home/ysxiao/race/instances/tsp/RUE.Instances.2000/2000-793.tsp,/home/ysxiao/race/instances/tsp/RUE.Instances.2000/2000-794.tsp,/home/ysxiao/race/instances/tsp/RUE.Instances.2000/2000-795.tsp,/home/ysxiao/race/instances/tsp/RUE.Instances.2000/2000-796.tsp,/home/ysxiao/race/instances/tsp/RUE.Instances.2000/2000-797.tsp,/home/ysxiao/race/instances/tsp/RUE.Instances.2000/2000-798.tsp,/home/ysxiao/race/instances/tsp/RUE.Instances.2000/2000-799.tsp,/home/ysxiao/race/instances/tsp/RUE.Instances.2000/2000-8.tsp,/home/ysxiao/race/instances/tsp/RUE.Instances.2000/2000-80.tsp,/home/ysxiao/race/instances/tsp/RUE.Instances.2000/2000-800.tsp,/home/ysxiao/race/instances/tsp/RUE.Instances.2000/2000-801.tsp,/home/ysxiao/race/instances/tsp/RUE.Instances.2000/2000-802.tsp,/home/ysxiao/race/instances/tsp/RUE.Instances.2000/2000-803.tsp,/home/ysxiao/race/instances/tsp/RUE.Instances.2000/2000-804.tsp,/home/ysxiao/race/instances/tsp/RUE.Instances.2000/2000-805.tsp,/home/ysxiao/race/instances/tsp/RUE.Instances.2000/2000-806.tsp,/home/ysxiao/race/instances/tsp/RUE.Instances.2000/2000-807.tsp,/home/ysxiao/race/instances/tsp/RUE.Instances.2000/2000-808.tsp,/home/ysxiao/race/instances/tsp/RUE.Instances.2000/2000-809.tsp,/home/ysxiao/race/instances/tsp/RUE.Instances.2000/2000-81.tsp,/home/ysxiao/race/instances/tsp/RUE.Instances.2000/2000-810.tsp,/home/ysxiao/race/instances/tsp/RUE.Instances.2000/2000-811.tsp,/home/ysxiao/race/instances/tsp/RUE.Instances.2000/2000-812.tsp,/home/ysxiao/race/instances/tsp/RUE.Instances.2000/2000-813.tsp,/home/ysxiao/race/instances/tsp/RUE.Instances.2000/2000-814.tsp,/home/ysxiao/race/instances/tsp/RUE.Instances.2000/2000-815.tsp,/home/ysxiao/race/instances/tsp/RUE.Instances.2000/2000-816.tsp,/home/ysxiao/race/instances/tsp/RUE.Instances.2000/2000-817.tsp,/home/ysxiao/race/instances/tsp/RUE.Instances.2000/2000-818.tsp,/home/ysxiao/race/instances/tsp/RUE.Instances.2000/2000-819.tsp,/home/ysxiao/race/instances/tsp/RUE.Instances.2000/2000-82.tsp,/home/ysxiao/race/instances/tsp/RUE.Instances.2000/2000-820.tsp,/home/ysxiao/race/instances/tsp/RUE.Instances.2000/2000-821.tsp,/home/ysxiao/race/instances/tsp/RUE.Instances.2000/2000-822.tsp,/home/ysxiao/race/instances/tsp/RUE.Instances.2000/2000-823.tsp,/home/ysxiao/race/instances/tsp/RUE.Instances.2000/2000-824.tsp,/home/ysxiao/race/instances/tsp/RUE.Instances.2000/2000-825.tsp,/home/ysxiao/race/instances/tsp/RUE.Instances.2000/2000-826.tsp,/home/ysxiao/race/instances/tsp/RUE.Instances.2000/2000-827.tsp,/home/ysxiao/race/instances/tsp/RUE.Instances.2000/2000-828.tsp,/home/ysxiao/race/instances/tsp/RUE.Instances.2000/2000-829.tsp,/home/ysxiao/race/instances/tsp/RUE.Instances.2000/2000-84.tsp,/home/ysxiao/race/instances/tsp/RUE.Instances.2000/2000-840.tsp,/home/ysxiao/race/instances/tsp/RUE.Instances.2000/2000-841.tsp,/home/ysxiao/race/instances/tsp/RUE.Instances.2000/2000-842.tsp,/home/ysxiao/race/instances/tsp/RUE.Instances.2000/2000-843.tsp,/home/ysxiao/race/instances/tsp/RUE.Instances.2000/2000-844.tsp,/home/ysxiao/race/instances/tsp/RUE.Instances.2000/2000-845.tsp,/home/ysxiao/race/instances/tsp/RUE.Instances.2000/2000-846.tsp,/home/ysxiao/race/instances/tsp/RUE.Instances.2000/2000-847.tsp,/home/ysxiao/race/instances/tsp/RUE.Instances.2000/2000-848.tsp,/home/ysxiao/race/instances/tsp/RUE.Instances.2000/2000-849.tsp,/home/ysxiao/race/instances/tsp/RUE.Instances.2000/2000-85.tsp,/home/ysxiao/race/instances/tsp/RUE.Instances.2000/2000-850.tsp,/home/ysxiao/race/instances/tsp/RUE.Instances.2000/2000-851.tsp,/home/ysxiao/race/instances/tsp/RUE.Instances.2000/2000-852.tsp,/home/ysxiao/race/instances/tsp/RUE.Instances.2000/2000-853.tsp,/home/ysxiao/race/instances/tsp/RUE.Instances.2000/2000-854.tsp,/home/ysxiao/race/instances/tsp/RUE.Instances.2000/2000-855.tsp,/home/ysxiao/race/instances/tsp/RUE.Instances.2000/2000-856.tsp,/home/ysxiao/race/instances/tsp/RUE.Instances.2000/2000-857.tsp,/home/ysxiao/race/instances/tsp/RUE.Instances.2000/2000-858.tsp,/home/ysxiao/race/instances/tsp/RUE.Instances.2000/2000-859.tsp,/home/ysxiao/race/instances/tsp/RUE.Instances.2000/2000-86.tsp,/home/ysxiao/race/instances/tsp/RUE.Instances.2000/2000-860.tsp,/home/ysxiao/race/instances/tsp/RUE.Instances.2000/2000-861.tsp,/home/ysxiao/race/instances/tsp/RUE.Instances.2000/2000-862.tsp,/home/ysxiao/race/instances/tsp/RUE.Instances.2000/2000-863.tsp,/home/ysxiao/race/instances/tsp/RUE.Instances.2000/2000-864.tsp,/home/ysxiao/race/instances/tsp/RUE.Instances.2000/2000-865.tsp,/home/ysxiao/race/instances/tsp/RUE.Instances.2000/2000-866.tsp,/home/ysxiao/race/instances/tsp/RUE.Instances.2000/2000-867.tsp,/home/ysxiao/race/instances/tsp/RUE.Instances.2000/2000-868.tsp,/home/ysxiao/race/instances/tsp/RUE.Instances.2000/2000-869.tsp,/home/ysxiao/race/instances/tsp/RUE.Instances.2000/2000-87.tsp,/home/ysxiao/race/instances/tsp/RUE.Instances.2000/2000-870.tsp,/home/ysxiao/race/instances/tsp/RUE.Instances.2000/2000-871.tsp,/home/ysxiao/race/instances/tsp/RUE.Instances.2000/2000-872.tsp,/home/ysxiao/race/instances/tsp/RUE.Instances.2000/2000-873.tsp,/home/ysxiao/race/instances/tsp/RUE.Instances.2000/2000-874.tsp,/home/ysxiao/race/instances/tsp/RUE.Instances.2000/2000-875.tsp,/home/ysxiao/race/instances/tsp/RUE.Instances.2000/2000-876.tsp,/home/ysxiao/race/instances/tsp/RUE.Instances.2000/2000-877.tsp,/home/ysxiao/race/instances/tsp/RUE.Instances.2000/2000-878.tsp,/home/ysxiao/race/instances/tsp/RUE.Instances.2000/2000-879.tsp,/home/ysxiao/race/instances/tsp/RUE.Instances.2000/2000-88.tsp,/home/ysxiao/race/instances/tsp/RUE.Instances.2000/2000-880.tsp,/home/ysxiao/race/instances/tsp/RUE.Instances.2000/2000-881.tsp,/home/ysxiao/race/instances/tsp/RUE.Instances.2000/2000-882.tsp,/home/ysxiao/race/instances/tsp/RUE.Instances.2000/2000-883.tsp,/home/ysxiao/race/instances/tsp/RUE.Instances.2000/2000-884.tsp,/home/ysxiao/race/instances/tsp/RUE.Instances.2000/2000-885.tsp,/home/ysxiao/race/instances/tsp/RUE.Instances.2000/2000-886.tsp,/home/ysxiao/race/instances/tsp/RUE.Instances.2000/2000-887.tsp,/home/ysxiao/race/instances/tsp/RUE.Instances.2000/2000-888.tsp,/home/ysxiao/race/instances/tsp/RUE.Instances.2000/2000-889.tsp,/home/ysxiao/race/instances/tsp/RUE.Instances.2000/2000-89.tsp,/home/ysxiao/race/instances/tsp/RUE.Instances.2000/2000-890.tsp,/home/ysxiao/race/instances/tsp/RUE.Instances.2000/2000-891.tsp,/home/ysxiao/race/instances/tsp/RUE.Instances.2000/2000-892.tsp,/home/ysxiao/race/instances/tsp/RUE.Instances.2000/2000-893.tsp,/home/ysxiao/race/instances/tsp/RUE.Instances.2000/2000-894.tsp,/home/ysxiao/race/instances/tsp/RUE.Instances.2000/2000-895.tsp,/home/ysxiao/race/instances/tsp/RUE.Instances.2000/2000-896.tsp,/home/ysxiao/race/instances/tsp/RUE.Instances.2000/2000-897.tsp,/home/ysxiao/race/instances/tsp/RUE.Instances.2000/2000-898.tsp,/home/ysxiao/race/instances/tsp/RUE.Instances.2000/2000-899.tsp
1,/home/ysxiao/race/instances/tsp/RUE.Instances.2000/2000-7.tsp,6987075
2,/home/ysxiao/race/instances/tsp/RUE.Instances.2000/2000-70.tsp,2962228
3,/home/ysxiao/race/instances/tsp/RUE.Instances.2000/2000-700.tsp,1526121
4,/home/ysxiao/race/instances/tsp/RUE.Instances.2000/2000-701.tsp,6061016
5,/home/ysxiao/race/instances/tsp/RUE.Instances.2000/2000-702.tsp,8664844
6,/home/ysxiao/race/instances/tsp/RUE.Instances.2000/2000-703.tsp,9490803
7,/home/ysxiao/race/instances/tsp/RUE.Instances.2000/2000-704.tsp,9404848
8,/home/ysxiao/race/instances/tsp/RUE.Instances.2000/2000-705.tsp,5661775
9,/home/ysxiao/race/instances/tsp/RUE.Instances.2000/2000-706.tsp,6883182
10,/home/ysxiao/race/instances/tsp/RUE.Instances.2000/2000-707.tsp,8508459
11,/home/ysxiao/race/instances/tsp/RUE.Instances.2000/2000-708.tsp,7455942
12,/home/ysxiao/race/instances/tsp/RUE.Instances.2000/2000-709.tsp,8442665
13,/home/ysxiao/race/instances/tsp/RUE.Instances.2000/2000-71.tsp,4589248
14,/home/ysxiao/race/instances/tsp/RUE.Instances.2000/2000-710.tsp,5097345
15,/home/ysxiao/race/instances/tsp/RUE.Instances.2000/2000-711.tsp,1705874
16,/home/ysxiao/race/instances/tsp/RUE.Instances.2000/2000-712.tsp,7304048
17,/home/ysxiao/race/instances/tsp/RUE.Instances.2000/2000-713.tsp,5294870
18,/home/ysxiao/race/instances/tsp/RUE.Instances.2000/2000-714.tsp,9613642
19,/home/ysxiao/race/instances/tsp/RUE.Instances.2000/2000-715.tsp,2601283
20,/home/ysxiao/race/instances/tsp/RUE.Instances.2000/2000-716.tsp,3951516
21,/home/ysxiao/race/instances/tsp/RUE.Instances.2000/2000-717.tsp,8678276
22,/home/ysxiao/race/instances/tsp/RUE.Instances.2000/2000-718.tsp,1705590
23,/home/ysxiao/race/instances/tsp/RUE.Instances.2000/2000-719.tsp,8682997
24,/home/ysxiao/race/instances/tsp/RUE.Instances.2000/2000-72.tsp,9655120
25,/home/ysxiao/race/instances/tsp/RUE.Instances.2000/2000-720.tsp,9755491
26,/home/ysxiao/race/instances/tsp/RUE.Instances.2000/2000-721.tsp,4825862
27,/home/ysxiao/race/instances/tsp/RUE.Instances.2000/2000-722.tsp,8062561
28,/home/ysxiao/race/instances/tsp/RUE.Instances.2000/2000-723.tsp,4681331
29,/home/ysxiao/race/instances/tsp/RUE.Instances.2000/2000-724.tsp,8109307
30,/home/ysxiao/race/instances/tsp/RUE.Instances.2000/2000-725.tsp,6389606
31,/home/ysxiao/race/instances/tsp/RUE.Instances.2000/2000-726.tsp,7346080
32,/home/ysxiao/race/instances/tsp/RUE.Instances.2000/2000-727.tsp,2013076
33,/home/ysxiao/race/instances/tsp/RUE.Instances.2000/2000-728.tsp,4444635
34,/home/ysxiao/race/instances/tsp/RUE.Instances.2000/2000-729.tsp,84363
35,/home/ysxiao/race/instances/tsp/RUE.Instances.2000/2000-74.tsp,1727605
36,/home/ysxiao/race/instances/tsp/RUE.Instances.2000/2000-740.tsp,8860403
37,/home/ysxiao/race/instances/tsp/RUE.Instances.2000/2000-741.tsp,8588268
38,/home/ysxiao/race/instances/tsp/RUE.Instances.2000/2000-742.tsp,8523704
39,/home/ysxiao/race/instances/tsp/RUE.Instances.2000/2000-743.tsp,6626783
40,/home/ysxiao/race/instances/tsp/RUE.Instances.2000/2000-744.tsp,9044730
41,/home/ysxiao/race/instances/tsp/RUE.Instances.2000/2000-745.tsp,4868813
42,/home/ysxiao/race/instances/tsp/RUE.Instances.2000/2000-746.tsp,3108261
43,/home/ysxiao/race/instances/tsp/RUE.Instances.2000/2000-747.tsp,9789520
44,/home/ysxiao/race/instances/tsp/RUE.Instances.2000/2000-748.tsp,6202483
45,/home/ysxiao/race/instances/tsp/RUE.Instances.2000/2000-749.tsp,1419423
46,/home/ysxiao/race/instances/tsp/RUE.Instances.2000/2000-75.tsp,772743
47,/home/ysxiao/race/instances/tsp/RUE.Instances.2000/2000-750.tsp,491393
48,/home/ysxiao/race/instances/tsp/RUE.Instances.2000/2000-751.tsp,9920192
49,/home/ysxiao/race/instances/tsp/RUE.Instances.2000/2000-752.tsp,2432753
50,/home/ysxiao/race/instances/tsp/RUE.Instances.2000/2000-753.tsp,6708523
51,/home/ysxiao/race/instances/tsp/RUE.Instances.2000/2000-754.tsp,3089444
52,/home/ysxiao/race/instances/tsp/RUE.Instances.2000/2000-755.tsp,8431510
53,/home/ysxiao/race/instances/tsp/RUE.Instances.2000/2000-756.tsp,9471191
54,/home/ysxiao/race/instances/tsp/RUE.Instances.2000/2000-757.tsp,8896164
55,/home/ysxiao/race/instances/tsp/RUE.Instances.2000/2000-758.tsp,4379751
56,/home/ysxiao/race/instances/tsp/RUE.Instances.2000/2000-759.tsp,3101805
57,/home/ysxiao/race/instances/tsp/RUE.Instances.2000/2000-76.tsp,3040561
58,/home/ysxiao/race/instances/tsp/RUE.Instances.2000/2000-760.tsp,9723041
59,/home/ysxiao/race/instances/tsp/RUE.Instances.2000/2000-761.tsp,7079540
60,/home/ysxiao/race/instances/tsp/RUE.Instances.2000/2000-762.tsp,9951862
61,/home/ysxiao/race/instances/tsp/RUE.Instances.2000/2000-763.tsp,3128108
62,/home/ysxiao/race/instances/tsp/RUE.Instances.2000/2000-764.tsp,5732196
63,/home/ysxiao/race/instances/tsp/RUE.Instances.2000/2000-765.tsp,4167995
64,/home/ysxiao/race/instances/tsp/RUE.Instances.2000/2000-766.tsp,1498979
65,/home/ysxiao/race/instances/tsp/RUE.Instances.2000/2000-767.tsp,9894244
66,/home/ysxiao/race/instances/tsp/RUE.Instances.2000/2000-768.tsp,9025350
67,/home/ysxiao/race/instances/tsp/RUE.Instances.2000/2000-769.tsp,6248160
68,/home/ysxiao/race/instances/tsp/RUE.Instances.2000/2000-77.tsp,1056633
69,/home/ysxiao/race/instances/tsp/RUE.Instances.2000/2000-770.tsp,9507784
70,/home/ysxiao/race/instances/tsp/RUE.Instances.2000/2000-771.tsp,7114556
71,/home/ysxiao/race/instances/tsp/RUE.Instances.2000/2000-772.tsp,7221074
72,/home/ysxiao/race/instances/tsp/RUE.Instances.2000/2000-773.tsp,745973
73,/home/ysxiao/race/instances/tsp/RUE.Instances.2000/2000-774.tsp,3243804
74,/home/ysxiao/race/instances/tsp/RUE.Instances.2000/2000-775.tsp,7144821
75,/home/ysxiao/race/instances/tsp/RUE.Instances.2000/2000-776.tsp,997655
76,/home/ysxiao/race/instances/tsp/RUE.Instances.2000/2000-777.tsp,1222357
77,/home/ysxiao/race/instances/tsp/RUE.Instances.2000/2000-778.tsp,6072608
78,/home/ysxiao/race/instances/tsp/RUE.Instances.2000/2000-779.tsp,6155358
79,/home/ysxiao/race/instances/tsp/RUE.Instances.2000/2000-78.tsp,502833
80,/home/ysxiao/race/instances/tsp/RUE.Instances.2000/2000-780.tsp,6915583
81,/home/ysxiao/race/instances/tsp/RUE.Instances.2000/2000-781.tsp,2574314
82,/home/ysxiao/race/instances/tsp/RUE.Instances.2000/2000-782.tsp,3896209
83,/home/ysxiao/race/instances/tsp/RUE.Instances.2000/2000-783.tsp,82559
84,/home/ysxiao/race/instances/tsp/RUE.Instances.2000/2000-784.tsp,991194
85,/home/ysxiao/race/instances/tsp/RUE.Instances.2000/2000-785.tsp,8653541
86,/home/ysxiao/race/instances/tsp/RUE.Instances.2000/2000-786.tsp,6291589
87,/home/ysxiao/race/instances/tsp/RUE.Instances.2000/2000-787.tsp,5701490
88,/home/ysxiao/race/instances/tsp/RUE.Instances.2000/2000-788.tsp,4721965
89,/home/ysxiao/race/instances/tsp/RUE.Instances.2000/2000-789.tsp,4357940
90,/home/ysxiao/race/instances/tsp/RUE.Instances.2000/2000-79.tsp,8080338
91,/home/ysxiao/race/instances/tsp/RUE.Instances.2000/2000-790.tsp,9794902
92,/home/ysxiao/race/instances/tsp/RUE.Instances.2000/2000-791.tsp,862032
93,/home/ysxiao/race/instances/tsp/RUE.Instances.2000/2000-792.tsp,1270942
94,/home/ysxiao/race/instances/tsp/RUE.Instances.2000/2000-793.tsp,1629595
95,/home/ysxiao/race/instances/tsp/RUE.Instances.2000/2000-794.tsp,6494378
96,/home/ysxiao/race/instances/tsp/RUE.Instances.2000/2000-795.tsp,8285204
97,/home/ysxiao/race/instances/tsp/RUE.Instances.2000/2000-796.tsp,6348435
98,/home/ysxiao/race/instances/tsp/RUE.Instances.2000/2000-797.tsp,7514424
99,/home/ysxiao/race/instances/tsp/RUE.Instances.2000/2000-798.tsp,7984961
100,/home/ysxiao/race/instances/tsp/RUE.Instances.2000/2000-799.tsp,3521491
101,/home/ysxiao/race/instances/tsp/RUE.Instances.2000/2000-8.tsp,5052276
102,/home/ysxiao/race/instances/tsp/RUE.Instances.2000/2000-80.tsp,2853803
103,/home/ysxiao/race/instances/tsp/RUE.Instances.2000/2000-800.tsp,5246815
104,/home/ysxiao/race/instances/tsp/RUE.Instances.2000/2000-801.tsp,4408228
105,/home/ysxiao/race/instances/tsp/RUE.Instances.2000/2000-802.tsp,1814559
106,/home/ysxiao/race/instances/tsp/RUE.Instances.2000/2000-803.tsp,917610
107,/home/ysxiao/race/instances/tsp/RUE.Instances.2000/2000-804.tsp,6865312
108,/home/ysxiao/race/instances/tsp/RUE.Instances.2000/2000-805.tsp,8866921
109,/home/ysxiao/race/instances/tsp/RUE.Instances.2000/2000-806.tsp,8845311
110,/home/ysxiao/race/instances/tsp/RUE.Instances.2000/2000-807.tsp,5253774
111,/home/ysxiao/race/instances/tsp/RUE.Instances.2000/2000-808.tsp,3263856
112,/home/ysxiao/race/instances/tsp/RUE.Instances.2000/2000-809.tsp,477697
113,/home/ysxiao/race/instances/tsp/RUE.Instances.2000/2000-81.tsp,7103291
114,/home/ysxiao/race/instances/tsp/RUE.Instances.2000/2000-810.tsp,6547869
115,/home/ysxiao/race/instances/tsp/RUE.Instances.2000/2000-811.tsp,4254003
116,/home/ysxiao/race/instances/tsp/RUE.Instances.2000/2000-812.tsp,1684403
117,/home/ysxiao/race/instances/tsp/RUE.Instances.2000/2000-813.tsp,8296496
118,/home/ysxiao/race/instances/tsp/RUE.Instances.2000/2000-814.tsp,6449973
119,/home/ysxiao/race/instances/tsp/RUE.Instances.2000/2000-815.tsp,7237636
120,/home/ysxiao/race/instances/tsp/RUE.Instances.2000/2000-816.tsp,2046079
121,/home/ysxiao/race/instances/tsp/RUE.Instances.2000/2000-817.tsp,2379440
122,/home/ysxiao/race/instances/tsp/RUE.Instances.2000/2000-818.tsp,9072863
123,/home/ysxiao/race/instances/tsp/RUE.Instances.2000/2000-819.tsp,5162227
124,/home/ysxiao/race/instances/tsp/RUE.Instances.2000/2000-82.tsp,897482
125,/home/ysxiao/race/instances/tsp/RUE.Instances.2000/2000-820.tsp,7724074
126,/home/ysxiao/race/instances/tsp/RUE.Instances.2000/2000-821.tsp,2857930
127,/home/ysxiao/race/instances/tsp/RUE.Instances.2000/2000-822.tsp,8184324
128,/home/ysxiao/race/instances/tsp/RUE.Instances.2000/2000-823.tsp,9584532
129,/home/ysxiao/race/instances/tsp/RUE.Instances.2000/2000-824.tsp,9407273
130,/home/ysxiao/race/instances/tsp/RUE.Instances.2000/2000-825.tsp,4720693
131,/home/ysxiao/race/instances/tsp/RUE.Instances.2000/2000-826.tsp,5131335
132,/home/ysxiao/race/instances/tsp/RUE.Instances.2000/2000-827.tsp,4679769
133,/home/ysxiao/race/instances/tsp/RUE.Instances.2000/2000-828.tsp,6939361
134,/home/ysxiao/race/instances/tsp/RUE.Instances.2000/2000-829.tsp,6184290
135,/home/ysxiao/race/instances/tsp/RUE.Instances.2000/2000-84.tsp,4051622
136,/home/ysxiao/race/instances/tsp/RUE.Instances.2000/2000-840.tsp,9357
137,/home/ysxiao/race/instances/tsp/RUE.Instances.2000/2000-841.tsp,1891377
138,/home/ysxiao/race/instances/tsp/RUE.Instances.2000/2000-842.tsp,29458
139,/home/ysxiao/race/instances/tsp/RUE.Instances.2000/2000-843.tsp,7524201
140,/home/ysxiao/race/instances/tsp/RUE.Instances.2000/2000-844.tsp,7381288
141,/home/ysxiao/race/instances/tsp/RUE.Instances.2000/2000-845.tsp,8339781
142,/home/ysxiao/race/instances/tsp/RUE.Instances.2000/2000-846.tsp,6171197
143,/home/ysxiao/race/instances/tsp/RUE.Instances.2000/2000-847.tsp,4441227
144,/home/ysxiao/race/instances/tsp/RUE.Instances.2000/2000-848.tsp,6125614
145,/home/ysxiao/race/instances/tsp/RUE.Instances.2000/2000-849.tsp,8461059
146,/home/ysxiao/race/instances/tsp/RUE.Instances.2000/2000-85.tsp,335165
147,/home/ysxiao/race/instances/tsp/RUE.Instances.2000/2000-850.tsp,2496599
148,/home/ysxiao/race/instances/tsp/RUE.Instances.2000/2000-851.tsp,8317561
149,/home/ysxiao/race/instances/tsp/RUE.Instances.2000/2000-852.tsp,7581347
150,/home/ysxiao/race/instances/tsp/RUE.Instances.2000/2000-853.tsp,1578110
151,/home/ysxiao/race/instances/tsp/RUE.Instances.2000/2000-854.tsp,9774706
152,/home/ysxiao/race/instances/tsp/RUE.Instances.2000/2000-855.tsp,2223014
153,/home/ysxiao/race/instances/tsp/RUE.Instances.2000/2000-856.tsp,2661034
154,/home/ysxiao/race/instances/tsp/RUE.Instances.2000/2000-857.tsp,7913634
155,/home/ysxiao/race/instances/tsp/RUE.Instances.2000/2000-858.tsp,5414045
156,/home/ysxiao/race/instances/tsp/RUE.Instances.2000/2000-859.tsp,3371713
157,/home/ysxiao/race/instances/tsp/RUE.Instances.2000/2000-86.tsp,5977215
158,/home/ysxiao/race/instances/tsp/RUE.Instances.2000/2000-860.tsp,2906080
159,/home/ysxiao/race/instances/tsp/RUE.Instances.2000/2000-861.tsp,5210017
160,/home/ysxiao/race/instances/tsp/RUE.Instances.2000/2000-862.tsp,5131029
161,/home/ysxiao/race/instances/tsp/RUE.Instances.2000/2000-863.tsp,2683771
162,/home/ysxiao/race/instances/tsp/RUE.Instances.2000/2000-864.tsp,1385705
163,/home/ysxiao/race/instances/tsp/RUE.Instances.2000/2000-865.tsp,4109316
164,/home/ysxiao/race/instances/tsp/RUE.Instances.2000/2000-866.tsp,6097855
165,/home/ysxiao/race/instances/tsp/RUE.Instances.2000/2000-867.tsp,6224380
166,/home/ysxiao/race/instances/tsp/RUE.Instances.2000/2000-868.tsp,7035641
167,/home/ysxiao/race/instances/tsp/RUE.Instances.2000/2000-869.tsp,5910712
168,/home/ysxiao/race/instances/tsp/RUE.Instances.2000/2000-87.tsp,6595967
169,/home/ysxiao/race/instances/tsp/RUE.Instances.2000/2000-870.tsp,1512928
170,/home/ysxiao/race/instances/tsp/RUE.Instances.2000/2000-871.tsp,2043242
171,/home/ysxiao/race/instances/tsp/RUE.Instances.2000/2000-872.tsp,3056244
172,/home/ysxiao/race/instances/tsp/RUE.Instances.2000/2000-873.tsp,6574636
173,/home/ysxiao/race/instances/tsp/RUE.Instances.2000/2000-874.tsp,8942371
174,/home/ysxiao/race/instances/tsp/RUE.Instances.2000/2000-875.tsp,2046893
175,/home/ysxiao/race/instances/tsp/RUE.Instances.2000/2000-876.tsp,756841
176,/home/ysxiao/race/instances/tsp/RUE.Instances.2000/2000-877.tsp,754458
177,/home/ysxiao/race/instances/tsp/RUE.Instances.2000/2000-878.tsp,1479769
178,/home/ysxiao/race/instances/tsp/RUE.Instances.2000/2000-879.tsp,5588833
179,/home/ysxiao/race/instances/tsp/RUE.Instances.2000/2000-88.tsp,5470786
180,/home/ysxiao/race/instances/tsp/RUE.Instances.2000/2000-880.tsp,4790239
181,/home/ysxiao/race/instances/tsp/RUE.Instances.2000/2000-881.tsp,1297382
182,/home/ysxiao/race/instances/tsp/RUE.Instances.2000/2000-882.tsp,896091
183,/home/ysxiao/race/instances/tsp/RUE.Instances.2000/2000-883.tsp,2625687
184,/home/ysxiao/race/instances/tsp/RUE.Instances.2000/2000-884.tsp,3142405
185,/home/ysxiao/race/instances/tsp/RUE.Instances.2000/2000-885.tsp,5256188
186,/home/ysxiao/race/instances/tsp/RUE.Instances.2000/2000-886.tsp,6008349
187,/home/ysxiao/race/instances/tsp/RUE.Instances.2000/2000-887.tsp,5344259
188,/home/ysxiao/race/instances/tsp/RUE.Instances.2000/2000-888.tsp,49172
189,/home/ysxiao/race/instances/tsp/RUE.Instances.2000/2000-889.tsp,6825776
190,/home/ysxiao/race/instances/tsp/RUE.Instances.2000/2000-89.tsp,9639612
191,/home/ysxiao/race/instances/tsp/RUE.Instances.2000/2000-890.tsp,4806553
192,/home/ysxiao/race/instances/tsp/RUE.Instances.2000/2000-891.tsp,6648123
193,/home/ysxiao/race/instances/tsp/RUE.Instances.2000/2000-892.tsp,1122325
194,/home/ysxiao/race/instances/tsp/RUE.Instances.2000/2000-893.tsp,4836534
195,/home/ysxiao/race/instances/tsp/RUE.Instances.2000/2000-894.tsp,1635808
196,/home/ysxiao/race/instances/tsp/RUE.Instances.2000/2000-895.tsp,7906177
197,/home/ysxiao/race/instances/tsp/RUE.Instances.2000/2000-896.tsp,1993410
198,/home/ysxiao/race/instances/tsp/RUE.Instances.2000/2000-897.tsp,6575389
199,/home/ysxiao/race/instances/tsp/RUE.Instances.2000/2000-898.tsp,3874105
200,/home/ysxiao/race/instances/tsp/RUE.Instances.2000/2000-899.tsp,9002014
